[13:42:13] budget: expected 740 min $13.44 · soft $14.78 · hard $15.15 (authorized $15.15)
[13:42:13] NVIDIA L40S $1.09/h, stock Medium
[13:42:13] session commit 0d5b602649cd verified: harness digests to e765a54fcd98…, carries the authorization and only logs/autoinit_c1_authorization.json differs from the authorized base
[13:42:13] C1 harness e765a54fcd98… over 72 files
[13:42:13] ceiling $15.1475, derived from logs/phase_c1_pricing.json
[13:42:13] preregistration 25062af9ef9c… (self-hash verified), harness e765a54fcd98…
[13:42:13] seeds, both replay digests and the 950/850 battery a285d61f88de… are unchanged
[13:42:13] 3 teacher shards bound at 768f209d9ea8…, none fetched
[13:42:13] battery staged from bytes identical to /home/ecs-user/aad-artifacts/autoinit/c1_confirmation_v1
[13:42:13] success spec covers the contract (6 probes x 7 sets = 42 generation files); failure spec presupposes no training
[13:42:15] stage1/qwen3_0p6b_init_v0/checkpoint/config.json (1418 bytes, a7131bb092b3…) stages to artifacts/stage1/qwen3_0p6b_init_v0/checkpoint with stored RoPE base 5,000,000
[13:42:18] aad_autoinit_0d5b6026.bundle (7833487 bytes, 4a8b5deeec4d…) round-trips to 0d5b602649cd… carrying this authorization and harness e765a54fcd98…
[13:42:20] 7/7 groups PASS, 0 skipped, 190 frozen prompts re-rendered byte for byte
[13:42:20] pod sweep 2820 passed / 114 skipped / 0 failed, 7 renderer skips, leaf transport 5/5, binds harness e765a54fcd98… and environment 79763321d06c…, staging contract 9ef2356ee807…, swept at 0ea49d6c with only ['logs/autoinit_c1_authorization.json', 'logs/c1_pod_environment_verification.json'] differs from the swept base
[13:42:21] precheck OK: 8 relay inputs (8 from AlphaAvatar/aadistill-artifacts), 4 local assets
[13:42:22] created gfd8buh5tr51qb at $1.09/h
[13:42:22] watchdog detached — hard 834 min = $15.15
[13:43:16]   starting (60s) — $0.02
[13:44:20]   starting (120s) — $0.04
[13:44:31] TCP 22 at 202.181.159.213:12299 after 2.1 min
[13:44:34] draw 1: ssh reachable — $0.04
[13:45:12] draw 1: image identity runpod/pytorch:1.1.0-cu1300-torch291-ubuntu2404@580.126.09
[13:45:12] draw 1: running setup
[14:01:52] draw 1: setup complete — $0.35
[14:01:57] driver detached, pid 12178, confirmed by descriptor_probe_exited — $0.36
[14:04:07]   2026-09-06T14:01:50Z MARKER:SETUP_DONE — $0.40
[14:04:10] driver no longer running: EXITED:2
[14:04:10] polling ended: DRIVER_EXITED:2 — $0.40
[14:04:43]   manifest rc=5
3 file(s) across 1 class(es) -> /workspace/manifest.json
  final_required: 3 · mutable_snapshot: 0 · final_streams_quiescent: False
  MISSING session_evidence [final_required]: audit/autoinit_c1/c1_evidence.json (no file matched the pattern)
required artifacts are absent or unfinished; find them before teardown — this is the point in the session where that is still possible
[14:05:08] teardown gate: allowed=True failed=training_complete
[14:05:08] deleting pod (gate passed after DRIVER_EXITED:2)
[14:05:19] pod deleted — 22.9 min, $0.42; provider confirms gone: True

autoinit-c1 INCOMPLETE — /home/ecs-user/AlphaAvatar-distill/logs/autoinit_c1_session.json. STOP for review. C1 replayed one frozen path under two digest gates and ran no search.
LAUNCHER_EXIT=11
