[18:29:55] budget: expected 1186 min $16.60 · soft $16.60 · hard $16.81 (authorized $17.14)
[18:29:55] NVIDIA RTX 6000 Ada Generation $0.84/h, stock None
[18:29:55] session commit 8360ce08623a verified: harness digests to 487ec36c19ec…, carries the authorization and only logs/stages/stage-1/phase_c3/runs/attempt60/governance/authorization.json differs from the authorized base
[18:29:55] grant d79fa5d08090… at logs/stages/stage-1/phase_c3/runs/attempt60/governance/grant.json, as recorded by the authorization
[18:29:56] C1 harness 487ec36c19ec… over 114 declared files
[18:29:56] ceiling $17.1425, derived from logs/stages/stage-1/phase_c3/plans/c3_live_pricing.json
[18:29:56] preregistration ac44662c02d5… (self-hash verified, 3 arms, primary causal-B1 - incumbent B), live closure 487ec36c19ec…
[18:29:56] seeds, both replay digests and the 950/850 battery a285d61f88de… are unchanged
[18:29:57] frozen assets verified against configs/experiments/phase_c3/frozen_assets.json
[18:29:57] 3 teacher shards bound at 768f209d9ea8…, none fetched
[18:29:57] battery staged from bytes identical to /home/ecs-user/aad-artifacts/autoinit/c1_confirmation_v1
[18:29:58] success spec covers the contract (9 probes x 7 sets = 63 generation files); failure spec presupposes no training
[18:30:00] stage1/qwen3_0p6b_init_v0/checkpoint/config.json (1418 bytes, a7131bb092b3…) stages to artifacts/stage1/qwen3_0p6b_init_v0/checkpoint with stored RoPE base 5,000,000
[18:30:04] aad_autoinit_8360ce08.bundle (19513184 bytes, 4cb1e7914153…) round-trips to 8360ce08623a… carrying this authorization and harness 487ec36c19ec…
[18:30:08] 7/7 groups PASS, 0 skipped, 190 frozen prompts re-rendered byte for byte
[18:30:08] pod sweep 25 passed / 0 skipped / 0 failed, no declared groups, binds C3 harness 487ec36c19ec… and environment 49e6082dc000…, staging contract 0aa9acc6903f…, swept at ab40f14a with only ['logs/stages/stage-1/phase_c3/runs/attempt60/governance/authorization.json', 'logs/stages/stage-1/phase_c3/runs/attempt60/governance/readiness.json'] differs from the swept base
[18:30:09] precheck OK: 8 relay inputs (8 from AlphaAvatar/aadistill-artifacts), 4 local assets
[18:30:10] attempt 1: create failed — {"error":"There are no longer any instances available with the requested specifications. Please refresh and try again."}
Usage:
  runpodctl pod create [flags]

Flags:
      --cloud-type string        
[18:30:10] ABORT: could not create a pod
