[07:31:55] budget: expected 1186 min $21.87 · soft $21.87 · hard $22.15 (authorized $22.15)
[07:31:56] NVIDIA L40S $1.09/h, stock Low
[07:31:56] session commit a65ba90b8b17 verified: harness digests to 67cf0115abe3…, carries the authorization and only logs/stages/stage-1/phase_c3/runs/attempt9/governance/authorization.json differs from the authorized base
[07:31:56] grant 381efd7eb84c… at logs/stages/stage-1/phase_c3/runs/attempt9/governance/grant.json, as recorded by the authorization
[07:31:57] C1 harness 67cf0115abe3… over 113 declared files
[07:31:57] ceiling $22.1452, derived from logs/stages/stage-1/phase_c3/plans/c3_live_pricing.json
[07:31:57] preregistration ac44662c02d5… (self-hash verified, 3 arms, primary causal-B1 - incumbent B), live closure 67cf0115abe3…
[07:31:57] seeds, both replay digests and the 950/850 battery a285d61f88de… are unchanged
[07:31:58] frozen assets verified against configs/experiments/phase_c3/frozen_assets.json
[07:31:58] 3 teacher shards bound at 768f209d9ea8…, none fetched
[07:31:58] battery staged from bytes identical to /home/ecs-user/aad-artifacts/autoinit/c1_confirmation_v1
[07:31:59] success spec covers the contract (9 probes x 7 sets = 63 generation files); failure spec presupposes no training
[07:32:01] stage1/qwen3_0p6b_init_v0/checkpoint/config.json (1418 bytes, a7131bb092b3…) stages to artifacts/stage1/qwen3_0p6b_init_v0/checkpoint with stored RoPE base 5,000,000
[07:32:06] aad_autoinit_a65ba90b.bundle (18331319 bytes, 1bb50a0eee2b…) round-trips to a65ba90b8b17… carrying this authorization and harness 67cf0115abe3…
[07:32:09] 7/7 groups PASS, 0 skipped, 190 frozen prompts re-rendered byte for byte
[07:32:10] pod sweep 19 passed / 0 skipped / 0 failed, no declared groups, binds C3 harness 67cf0115abe3… and environment d54e2ac39120…, staging contract 0aa9acc6903f…, swept at 40eec899 with only ['logs/stages/stage-1/phase_c3/runs/attempt9/governance/authorization.json', 'logs/stages/stage-1/phase_c3/runs/attempt9/governance/readiness.json'] differs from the swept base
[07:32:11] precheck OK: 8 relay inputs (8 from AlphaAvatar/aadistill-artifacts), 4 local assets
[07:32:12] attempt 1: create failed — {"error":"There are no longer any instances available with the requested specifications. Please refresh and try again."}
Usage:
  runpodctl pod create [flags]

Flags:
      --cloud-type string        
[07:32:12] ABORT: could not create a pod
