[19:09:56] budget: expected 1186 min $16.20 · soft $16.20 · hard $16.41 (authorized $16.74)
[19:09:56] NVIDIA L40 $0.82/h, stock Low
[19:09:57] session commit c96d9d16e6cc verified: harness digests to 487ec36c19ec…, carries the authorization and only logs/stages/stage-1/phase_c3/runs/attempt62/governance/authorization.json differs from the authorized base
[19:09:57] grant d79fa5d08090… at logs/stages/stage-1/phase_c3/runs/attempt62/governance/grant.json, as recorded by the authorization
[19:09:57] C1 harness 487ec36c19ec… over 114 declared files
[19:09:57] ceiling $16.7423, derived from logs/stages/stage-1/phase_c3/plans/c3_live_pricing.json
[19:09:58] preregistration ac44662c02d5… (self-hash verified, 3 arms, primary causal-B1 - incumbent B), live closure 487ec36c19ec…
[19:09:58] seeds, both replay digests and the 950/850 battery a285d61f88de… are unchanged
[19:09:59] frozen assets verified against configs/experiments/phase_c3/frozen_assets.json
[19:09:59] 3 teacher shards bound at 768f209d9ea8…, none fetched
[19:09:59] battery staged from bytes identical to /home/ecs-user/aad-artifacts/autoinit/c1_confirmation_v1
[19:10:00] success spec covers the contract (9 probes x 7 sets = 63 generation files); failure spec presupposes no training
[19:10:01] stage1/qwen3_0p6b_init_v0/checkpoint/config.json (1418 bytes, a7131bb092b3…) stages to artifacts/stage1/qwen3_0p6b_init_v0/checkpoint with stored RoPE base 5,000,000
[19:10:06] aad_autoinit_c96d9d16.bundle (19566982 bytes, b9ad56eeaaef…) round-trips to c96d9d16e6cc… carrying this authorization and harness 487ec36c19ec…
[19:10:09] 7/7 groups PASS, 0 skipped, 190 frozen prompts re-rendered byte for byte
[19:10:10] pod sweep 25 passed / 0 skipped / 0 failed, no declared groups, binds C3 harness 487ec36c19ec… and environment 49e6082dc000…, staging contract 0aa9acc6903f…, swept at 26cd8405 with only ['logs/stages/stage-1/phase_c3/runs/attempt62/governance/authorization.json', 'logs/stages/stage-1/phase_c3/runs/attempt62/governance/readiness.json'] differs from the swept base
[19:10:10] precheck OK: 8 relay inputs (8 from AlphaAvatar/aadistill-artifacts), 4 local assets
[19:10:11] attempt 1: create failed — {"error":"There are no longer any instances available with the requested specifications. Please refresh and try again."}
Usage:
  runpodctl pod create [flags]

Flags:
      --cloud-type string        
[19:10:11] ABORT: could not create a pod
