[15:15:37] budget: expected 904 min $14.92 · soft $16.42 · hard $16.75 (authorized $16.75)
[15:15:37] NVIDIA L40S $0.99/h, stock Medium
[15:15:37] session commit ef4353c96fb5 verified: harness digests to 162c09ed7d6f…, carries the authorization and only logs/autoinit_recovery_continuation_authorization.json differs from the authorized base
[15:15:37] frozen science plan 02be33b9a7a8… matches the authorization
[15:15:37] continuation harness 162c09ed7d6f… over 22 files, search excluded
[15:15:41] all 5 canonical stage-1 leaves verify locally; 15 transport files declared from AlphaAvatar/aadistill-transport in selected order
[15:15:43] precheck OK: 25 relay inputs (10 from AlphaAvatar/aadistill-artifacts, 15 from AlphaAvatar/aadistill-transport), 2 local assets
[15:15:44] created k1mgu38q0y6sei at $0.99/h
[15:15:44] watchdog detached — hard 1015 min = $16.75
[15:16:38]   starting (60s) — $0.01
[15:17:41]   starting (120s) — $0.03
[15:18:45] TCP 22 at 195.26.232.147:27935 after 3.0 min
[15:18:48] draw 1: ssh reachable — $0.05
[15:19:17] draw 1: image identity runpod/pytorch:1.1.0-cu1300-torch291-ubuntu2404@580.178.04
[15:19:17] draw 1: running setup
[15:28:25] draw 1: setup complete — $0.21
[15:28:31] driver detached, pid 6321, confirmed by descriptor_probe — $0.21
[15:30:43]   2026-08-22T15:28:23Z MARKER:SETUP_DONE — $0.25
[15:37:34] driver no longer running: EXITED:22
[15:37:34] polling ended: DRIVER_EXITED:22 — $0.36
[15:39:48]   manifest rc=0
14 file(s) across 6 class(es) -> /workspace/manifest.json
  final_required: 14 · mutable_snapshot: 0 · final_streams_quiescent: True
[15:40:28] teardown gate: allowed=True failed=training_complete
[15:40:28] deleting pod (gate passed after DRIVER_EXITED:22)
[15:40:39] pod deleted — 24.9 min, $0.41; provider confirms gone: True

autoinit-recovery-continuation INCOMPLETE — /home/ecs-user/AlphaAvatar-distill/logs/autoinit_recovery_continuation_session.json. STOP for review. The continuation consumed the verified attempt-12 Stage-1 result and ran no search.
