stage 1: RuntimeError: Expected all tensors to be on the same device, but found at least two devices, cuda:0 and cpu!
2026-08-18T15:30:43Z

Traceback (most recent call last):
  File "/workspace/aad/scripts/pod/autoinit_phase_a_driver.py", line 913, in run
    ok = stages[stage]()
         ^^^^^^^^^^^^^^^
  File "/workspace/aad/scripts/pod/autoinit_phase_a_driver.py", line 443, in stage1
    found = run_phase_a_search(
            ^^^^^^^^^^^^^^^^^^^
  File "/workspace/aad/scripts/autoinit/phase_a_search.py", line 169, in run_phase_a_search
    result = search.run()
             ^^^^^^^^^^^^
  File "/workspace/aad/src/aadistill/autoinit/search.py", line 506, in run
    child = self._expand_one(parent, impl, profile)
            ^^^^^^^^^^^^^^^^^^^^^^^^^^^^^^^^^^^^^^^
  File "/workspace/aad/src/aadistill/autoinit/search.py", line 391, in _expand_one
    outcome = impl.execute(ctx)
              ^^^^^^^^^^^^^^^^^
  File "/workspace/aad/src/aadistill/autoinit/operators/base.py", line 278, in execute
    outcome = self.apply(ctx)
              ^^^^^^^^^^^^^^^
  File "/opt/train/lib/python3.12/site-packages/torch/utils/_contextlib.py", line 124, in decorate_context
    return func(*args, **kwargs)
           ^^^^^^^^^^^^^^^^^^^^^
  File "/workspace/aad/src/aadistill/autoinit/operators/composite.py", line 135, in apply
    diag = init_student(parent, child, state, kept_layers=kept_layers)
           ^^^^^^^^^^^^^^^^^^^^^^^^^^^^^^^^^^^^^^^^^^^^^^^^^^^^^^^^^^^
  File "/opt/train/lib/python3.12/site-packages/torch/utils/_contextlib.py", line 124, in decorate_context
    return func(*args, **kwargs)
           ^^^^^^^^^^^^^^^^^^^^^
  File "/workspace/aad/src/aadistill/init/sandwich.py", line 195, in init_student
    proj, proj_diag = stream_projection(state, d_s, stream_points, point_weights)
                      ^^^^^^^^^^^^^^^^^^^^^^^^^^^^^^^^^^^^^^^^^^^^^^^^^^^^^^^^^^^
  File "/workspace/aad/src/aadistill/init/project.py", line 60, in stream_projection
    avg += w * (m / m.trace())
RuntimeError: Expected all tensors to be on the same device, but found at least two devices, cuda:0 and cpu!
