[17:57:33] budget: expected 1186 min $16.20 · soft $16.20 · hard $16.41 (authorized $16.74)
[17:57:33] NVIDIA L40 $0.82/h, stock Low
[17:57:33] session commit 46bc5f35bb2c verified: harness digests to 5f0b64e6d384…, carries the authorization and only logs/stages/stage-1/phase_c3/runs/attempt74/governance/authorization.json differs from the authorized base
[17:57:33] grant cebfd2049bf2… at logs/stages/stage-1/phase_c3/runs/attempt74/governance/grant.json, as recorded by the authorization
[17:57:34] C1 harness 5f0b64e6d384… over 115 declared files
[17:57:34] ceiling $16.7423, derived from logs/stages/stage-1/phase_c3/plans/c3_live_pricing.json
[17:57:35] preregistration ac44662c02d5… (self-hash verified, 3 arms, primary causal-B1 - incumbent B), live closure 5f0b64e6d384…
[17:57:35] seeds, both replay digests and the 950/850 battery a285d61f88de… are unchanged
[17:57:36] frozen assets verified against configs/experiments/phase_c3/frozen_assets.json
[17:57:36] 3 teacher shards bound at 768f209d9ea8…, none fetched
[17:57:36] battery staged from bytes identical to /home/ecs-user/aad-artifacts/autoinit/c1_confirmation_v1
[17:57:36] success spec covers the contract (9 probes x 7 sets = 63 generation files); failure spec presupposes no training
[17:57:38] stage1/qwen3_0p6b_init_v0/checkpoint/config.json (1418 bytes, a7131bb092b3…) stages to artifacts/stage1/qwen3_0p6b_init_v0/checkpoint with stored RoPE base 5,000,000
[17:57:43] aad_autoinit_46bc5f35.bundle (23080849 bytes, 5a6e20bd2a0c…) round-trips to 46bc5f35bb2c… carrying this authorization and harness 5f0b64e6d384…
[17:57:46] 7/7 groups PASS, 0 skipped, 190 frozen prompts re-rendered byte for byte
[17:57:47] pod sweep 29 passed / 0 skipped / 0 failed, no declared groups, binds C3 harness 5f0b64e6d384… and environment f99e0c8deb4e…, staging contract 0aa9acc6903f…, swept at b3523119 with only ['logs/stages/stage-1/phase_c3/runs/attempt74/governance/authorization.json', 'logs/stages/stage-1/phase_c3/runs/attempt74/governance/readiness.json'] differs from the swept base
[17:57:50] the relay would accept all 9 probes (19.98 GiB), asked with fresh oids
[17:57:51] precheck OK: 8 relay inputs (8 from AlphaAvatar/aadistill-artifacts), 4 local assets
[17:57:51] attempt 1: create failed — {"error":"There are no longer any instances available with the requested specifications. Please refresh and try again."}
Usage:
  runpodctl pod create [flags]

Flags:
      --cloud-type string        
[17:57:51] ABORT: could not create a pod
