[16:52:09] budget: expected 1186 min $21.54 · soft $21.54 · hard $21.81 (authorized $22.15)
[16:52:09] NVIDIA L40S $1.09/h, stock Low
[16:52:09] session commit fd33992db1fb verified: harness digests to 466d8d1a875b…, carries the authorization and only logs/stages/stage-1/phase_c3/runs/attempt28/governance/authorization.json differs from the authorized base
[16:52:09] grant 381efd7eb84c… at logs/stages/stage-1/phase_c3/runs/attempt28/governance/grant.json, as recorded by the authorization
[16:52:10] C1 harness 466d8d1a875b… over 114 declared files
[16:52:10] ceiling $22.1452, derived from logs/stages/stage-1/phase_c3/plans/c3_live_pricing.json
[16:52:11] preregistration ac44662c02d5… (self-hash verified, 3 arms, primary causal-B1 - incumbent B), live closure 466d8d1a875b…
[16:52:11] seeds, both replay digests and the 950/850 battery a285d61f88de… are unchanged
[16:52:12] frozen assets verified against configs/experiments/phase_c3/frozen_assets.json
[16:52:12] 3 teacher shards bound at 768f209d9ea8…, none fetched
[16:52:12] battery staged from bytes identical to /home/ecs-user/aad-artifacts/autoinit/c1_confirmation_v1
[16:52:12] success spec covers the contract (9 probes x 7 sets = 63 generation files); failure spec presupposes no training
[16:52:14] stage1/qwen3_0p6b_init_v0/checkpoint/config.json (1418 bytes, a7131bb092b3…) stages to artifacts/stage1/qwen3_0p6b_init_v0/checkpoint with stored RoPE base 5,000,000
[16:52:19] aad_autoinit_fd33992d.bundle (18398922 bytes, 8bfba7b90922…) round-trips to fd33992db1fb… carrying this authorization and harness 466d8d1a875b…
[16:52:22] 7/7 groups PASS, 0 skipped, 190 frozen prompts re-rendered byte for byte
[16:52:23] pod sweep 21 passed / 0 skipped / 0 failed, no declared groups, binds C3 harness 466d8d1a875b… and environment 8e98f07e236e…, staging contract 0aa9acc6903f…, swept at 70eaacdc with only ['logs/stages/stage-1/phase_c3/runs/attempt28/governance/authorization.json', 'logs/stages/stage-1/phase_c3/runs/attempt28/governance/readiness.json'] differs from the swept base
[16:52:24] precheck OK: 8 relay inputs (8 from AlphaAvatar/aadistill-artifacts), 4 local assets
[16:52:24] attempt 1: create failed — {"error":"There are no longer any instances available with the requested specifications. Please refresh and try again."}
Usage:
  runpodctl pod create [flags]

Flags:
      --cloud-type string        
[16:52:24] ABORT: could not create a pod
