[09:11:31] budget: expected 740 min $13.44 · soft $14.78 · hard $15.15 (authorized $15.15)
[09:11:31] NVIDIA L40S $1.09/h, stock Medium
[09:11:31] session commit a8ac576a7a62 verified: harness digests to b729998b51b3…, carries the authorization and only logs/stages/stage-1/phase_c1/runs/attempt14/governance/authorization.json differs from the authorized base
[09:11:31] grant 8a5723ce1394… at logs/stages/stage-1/phase_c1/runs/attempt14/governance/grant.json, as recorded by the authorization
[09:11:32] C1 harness b729998b51b3… over 99 declared files
[09:11:32] ceiling $15.1475, derived from logs/stages/stage-1/phase_c1/plans/phase_c1_pricing.json
[09:11:33] preregistration 53cc4cd582b7… (self-hash verified), harness b729998b51b3…
[09:11:33] seeds, both replay digests and the 950/850 battery a285d61f88de… are unchanged
[09:11:34] frozen assets verified against configs/experiments/phase_c1/frozen_assets.json
[09:11:34] 3 teacher shards bound at 768f209d9ea8…, none fetched
[09:11:34] battery staged from bytes identical to /home/ecs-user/aad-artifacts/autoinit/c1_confirmation_v1
[09:11:34] success spec covers the contract (6 probes x 7 sets = 42 generation files); failure spec presupposes no training
[09:11:35] stage1/qwen3_0p6b_init_v0/checkpoint/config.json (1418 bytes, a7131bb092b3…) stages to artifacts/stage1/qwen3_0p6b_init_v0/checkpoint with stored RoPE base 5,000,000
[09:11:41] aad_autoinit_a8ac576a.bundle (12574741 bytes, bdd20b9c4731…) round-trips to a8ac576a7a62… carrying this authorization and harness b729998b51b3…
[09:11:45] 7/7 groups PASS, 0 skipped, 190 frozen prompts re-rendered byte for byte
[09:11:45] pod sweep 3754 passed / 138 skipped / 0 failed, leaf_transport ok, renderer_parity ok, binds C1 harness b729998b51b3… and environment 9888434855e3…, staging contract 74192f5b7198…, swept at e941d1eb with only ['logs/stages/stage-1/phase_c1/runs/attempt14/governance/authorization.json', 'logs/stages/stage-1/phase_c1/runs/attempt14/governance/readiness.json'] differs from the swept base
[09:11:46] precheck OK: 8 relay inputs (8 from AlphaAvatar/aadistill-artifacts), 4 local assets
[09:11:47] watchdog detached — hard 834 min = $15.15
[09:11:47] created h9hs9l127w4x99 at $1.09/h
[09:12:21] TCP 22 at 160.250.71.212:46503 after 0.6 min
[09:12:23] draw 1: ssh reachable — $0.01
[09:13:03] draw 1: image identity runpod/pytorch:1.1.0-cu1300-torch291-ubuntu2404@595.91.07
[09:13:03] draw 1: running setup
[09:33:29] setup did not reach SETUP_DONE:
e (128 vCPUs visible, cgroup budget 13; cpu set 0-12)
[09:16:57] CPU-test scope: env -u HUGGINGFACE_HUB_CACHE -u HF_DATASETS_CACHE -u TRANSFORMERS_CACHE -u XDG_CACHE_HOME AAD_C1_CPU_TEST_SCOPE=1 CUDA_VISIBLE_DEVICES= HF_HOME=/workspace/cpu_test_scope.DBgdmj/hf HF_HUB_CACHE=/workspace/cpu_test_scope.DBgdmj/hf/hub HOME=/workspace/cpu_test_scope.DBgdmj/home
--- every failing nodeid ---
FAILED tests/pod/test_c1_session_contract.py::test_every_gate_but_the_commit_binding_passes_against_the_candidate
FAILED tests/pod/test_simulator_restore.py::test_the_sweep_proceeds_when_the_requirement_is_met
--- log tail ---
=========================== short test summary info ============================
FAILED tests/pod/test_c1_session_contract.py::test_every_gate_but_the_commit_binding_passes_against_the_candidate
FAILED tests/pod/test_simulator_restore.py::test_the_sweep_proceeds_when_the_requirement_is_met
2 failed, 3775 passed, 115 skipped, 5 warnings in 982.18s (0:16:22)
--- CPU test outcome: 3775 passed, 115 skipped, 2 failed, 0 error, 3892 selected ---
FAILED tests/pod/test_c1_session_contract.py::test_every_gate_but_the_commit_binding_passes_against_the_candidate
FAILED tests/pod/test_simulator_restore.py::test_the_sweep_proceeds_when_the_requirement_is_met
  WHY test_every_gate_but_the_commit_binding_passes_against_the_candidate: AssertionError: ['battery_staged_gate: the canonical copy /home/ecs-user/aad-artifacts/autoinit/c1_confirmation_v1 is missing']
  WHY test_the_sweep_proceeds_when_the_requirement_is_met: AssertionError: assert 'REFUSING' not in 'REFUSING: n... CPU gate.\n'
skip set digest: 3c6a9e5a0d2b17c9… (115 skipped, all named in the JSON)
skip-set comparison UNAVAILABLE: the committed readiness record predates the complete skip set and carries only the named groups, so no exact comparison is possible
[09:33:24] real runtime intact after the CPU-test scope: CUDA available, teacher cache at /root/.cache/huggingface/hub
[09:33:24] test suite failed rc=1
SETUP_RC=1

[09:33:37]   preserved setup-failure evidence off-pod: /workspace/pytest.log, /workspace/pytest_junit.xml, /workspace/pytest_outcomes.json
[09:33:37] ABORT after draw 1: setup_failed
[09:33:37] deleting pod (setup setup_failed)
[09:33:48] pod deleted — 22.0 min, $0.40; provider confirms gone: True
