[17:48:20] budget: expected 1186 min $16.20 · soft $16.20 · hard $16.41 (authorized $16.74)
[17:48:20] NVIDIA L40 $0.82/h, stock None
[17:48:20] session commit cf04184432f5 verified: harness digests to 268dd4981230…, carries the authorization and only logs/stages/stage-1/phase_c3/runs/attempt42/governance/authorization.json differs from the authorized base
[17:48:20] grant d79fa5d08090… at logs/stages/stage-1/phase_c3/runs/attempt42/governance/grant.json, as recorded by the authorization
[17:48:21] C1 harness 268dd4981230… over 114 declared files
[17:48:21] ceiling $16.7423, derived from logs/stages/stage-1/phase_c3/plans/c3_live_pricing.json
[17:48:22] preregistration ac44662c02d5… (self-hash verified, 3 arms, primary causal-B1 - incumbent B), live closure 268dd4981230…
[17:48:22] seeds, both replay digests and the 950/850 battery a285d61f88de… are unchanged
[17:48:23] frozen assets verified against configs/experiments/phase_c3/frozen_assets.json
[17:48:23] 3 teacher shards bound at 768f209d9ea8…, none fetched
[17:48:23] battery staged from bytes identical to /home/ecs-user/aad-artifacts/autoinit/c1_confirmation_v1
[17:48:23] success spec covers the contract (9 probes x 7 sets = 63 generation files); failure spec presupposes no training
[17:48:25] stage1/qwen3_0p6b_init_v0/checkpoint/config.json (1418 bytes, a7131bb092b3…) stages to artifacts/stage1/qwen3_0p6b_init_v0/checkpoint with stored RoPE base 5,000,000
[17:48:30] aad_autoinit_cf041844.bundle (18486128 bytes, 7bf1a60c433d…) round-trips to cf04184432f5… carrying this authorization and harness 268dd4981230…
[17:48:33] 7/7 groups PASS, 0 skipped, 190 frozen prompts re-rendered byte for byte
[17:48:34] pod sweep 24 passed / 0 skipped / 0 failed, no declared groups, binds C3 harness 268dd4981230… and environment 5e8c27c3e2ca…, staging contract 0aa9acc6903f…, swept at 8c4e9f53 with only ['logs/stages/stage-1/phase_c3/runs/attempt42/governance/authorization.json', 'logs/stages/stage-1/phase_c3/runs/attempt42/governance/readiness.json'] differs from the swept base
[17:48:34] precheck OK: 8 relay inputs (8 from AlphaAvatar/aadistill-artifacts), 4 local assets
[17:48:35] attempt 1: create failed — {"error":"There are no longer any instances available with the requested specifications. Please refresh and try again."}
Usage:
  runpodctl pod create [flags]

Flags:
      --cloud-type string        
[17:48:35] ABORT: could not create a pod
