[11:47:41] budget: expected 262 min $4.32 · soft $4.76 · hard $5.09 (authorized $8.07)
[11:47:42] NVIDIA L40S $0.99/h, stock High
[11:47:42] session commit fcdacb02418c verified: harness digests to 5344d0480803…, carries the authorization and only logs/autoinit_continuation_b_authorization.json differs from the authorized base
[11:47:42] frozen science plan 02be33b9a7a8… matches the authorization
[11:47:42] continuation executable 5344d0480803… matches the grant
[11:47:42] no search call site on the continuation's own path; 1 known-neutralized elsewhere; runs_search False
[11:47:42] cited evidence matches the grant: universe e94f15d2e648…
[11:47:42] continuation ceiling $8.0691 covers the priced $8.0691 and is below the full-session $35.6660
[11:47:42] /home/ecs-user/aad-scratch/sessions/autoinit-continuation-b: 9.60 GiB free for 1076 MiB of archive and working room
[11:47:43] precheck OK: 15 relay inputs (9 from AlphaAvatar/aadistill-artifacts, 6 from AlphaAvatar/aadistill-transport), 2 local assets
[11:47:44] created hyvp7dw3zkb1zk at $0.99/h
[11:47:44] watchdog detached — hard 308 min = $5.09
[11:48:06] TCP 22 at 64.247.206.212:11836 after 0.4 min
[11:48:09] draw 1: ssh reachable — $0.01
[11:48:39] draw 1: image identity runpod/pytorch:1.1.0-cu1300-torch291-ubuntu2404@580.159.03
[11:48:39] draw 1: running setup
[11:55:57] draw 1: setup complete — $0.14
[11:56:02] driver detached, pid 7670, confirmed by descriptor_probe — $0.14
[11:58:14]   2026-08-30T11:58:09Z MARKER:STAGE_START:3 — $0.17
[13:03:42]   2026-08-30T13:03:04Z MARKER:PROBE_TRAINED:autoinit.v1.phase_a.rung2.fe9683e6a9c7.sb — $1.25
[13:10:29]   2026-08-30T13:10:14Z MARKER:ALL_DONE — $1.37
[13:10:29] polling ended: ALL_DONE — $1.37
[13:16:04]   manifest rc=0
44 file(s) across 16 class(es) -> /workspace/manifest.json
  final_required: 44 · mutable_snapshot: 0 · final_streams_quiescent: True
[13:16:31] teardown gate: allowed=True failed=None
[13:16:31] deleting pod (gate passed)
[13:16:42] pod deleted — 89.0 min, $1.47; provider confirms gone: True

autoinit-continuation-b COMPLETE — /home/ecs-user/AlphaAvatar-distill/logs/autoinit_continuation_b_session.json. STOP for review. The behavioural continuation finished Phase B's rungs from completed evidence; nothing chains off it.
