[17:51:02] budget: expected 1186 min $16.20 · soft $16.20 · hard $16.41 (authorized $16.74)
[17:51:02] NVIDIA L40 $0.82/h, stock Low
[17:51:02] session commit d71b80ca0937 verified: harness digests to 268dd4981230…, carries the authorization and only logs/stages/stage-1/phase_c3/runs/attempt45/governance/authorization.json differs from the authorized base
[17:51:02] grant d79fa5d08090… at logs/stages/stage-1/phase_c3/runs/attempt45/governance/grant.json, as recorded by the authorization
[17:51:03] C1 harness 268dd4981230… over 114 declared files
[17:51:03] ceiling $16.7423, derived from logs/stages/stage-1/phase_c3/plans/c3_live_pricing.json
[17:51:04] preregistration ac44662c02d5… (self-hash verified, 3 arms, primary causal-B1 - incumbent B), live closure 268dd4981230…
[17:51:04] seeds, both replay digests and the 950/850 battery a285d61f88de… are unchanged
[17:51:05] frozen assets verified against configs/experiments/phase_c3/frozen_assets.json
[17:51:05] 3 teacher shards bound at 768f209d9ea8…, none fetched
[17:51:05] battery staged from bytes identical to /home/ecs-user/aad-artifacts/autoinit/c1_confirmation_v1
[17:51:05] success spec covers the contract (9 probes x 7 sets = 63 generation files); failure spec presupposes no training
[17:51:07] stage1/qwen3_0p6b_init_v0/checkpoint/config.json (1418 bytes, a7131bb092b3…) stages to artifacts/stage1/qwen3_0p6b_init_v0/checkpoint with stored RoPE base 5,000,000
[17:51:12] aad_autoinit_d71b80ca.bundle (18677818 bytes, c5ddd0faad29…) round-trips to d71b80ca0937… carrying this authorization and harness 268dd4981230…
[17:51:15] 7/7 groups PASS, 0 skipped, 190 frozen prompts re-rendered byte for byte
[17:51:16] pod sweep 24 passed / 0 skipped / 0 failed, no declared groups, binds C3 harness 268dd4981230… and environment 5e8c27c3e2ca…, staging contract 0aa9acc6903f…, swept at d3622c3e with only ['logs/stages/stage-1/phase_c3/runs/attempt45/governance/authorization.json', 'logs/stages/stage-1/phase_c3/runs/attempt45/governance/readiness.json'] differs from the swept base
[17:51:16] precheck OK: 8 relay inputs (8 from AlphaAvatar/aadistill-artifacts), 4 local assets
[17:51:17] attempt 1: create failed — {"error":"There are no longer any instances available with the requested specifications. Please refresh and try again."}
Usage:
  runpodctl pod create [flags]

Flags:
      --cloud-type string        
[17:51:17] ABORT: could not create a pod
