[17:54:29] budget: expected 1186 min $21.54 · soft $21.54 · hard $21.81 (authorized $22.15)
[17:54:30] NVIDIA L40S $1.09/h, stock Low
[17:54:30] session commit 649077517b9f verified: harness digests to 5f0b64e6d384…, carries the authorization and only logs/stages/stage-1/phase_c3/runs/attempt71/governance/authorization.json differs from the authorized base
[17:54:30] grant cebfd2049bf2… at logs/stages/stage-1/phase_c3/runs/attempt71/governance/grant.json, as recorded by the authorization
[17:54:30] C1 harness 5f0b64e6d384… over 115 declared files
[17:54:30] ceiling $22.1452, derived from logs/stages/stage-1/phase_c3/plans/c3_live_pricing.json
[17:54:31] preregistration ac44662c02d5… (self-hash verified, 3 arms, primary causal-B1 - incumbent B), live closure 5f0b64e6d384…
[17:54:31] seeds, both replay digests and the 950/850 battery a285d61f88de… are unchanged
[17:54:32] frozen assets verified against configs/experiments/phase_c3/frozen_assets.json
[17:54:32] 3 teacher shards bound at 768f209d9ea8…, none fetched
[17:54:32] battery staged from bytes identical to /home/ecs-user/aad-artifacts/autoinit/c1_confirmation_v1
[17:54:33] success spec covers the contract (9 probes x 7 sets = 63 generation files); failure spec presupposes no training
[17:54:35] stage1/qwen3_0p6b_init_v0/checkpoint/config.json (1418 bytes, a7131bb092b3…) stages to artifacts/stage1/qwen3_0p6b_init_v0/checkpoint with stored RoPE base 5,000,000
[17:54:40] aad_autoinit_64907751.bundle (22992814 bytes, 5c01e1de12d3…) round-trips to 649077517b9f… carrying this authorization and harness 5f0b64e6d384…
[17:54:43] 7/7 groups PASS, 0 skipped, 190 frozen prompts re-rendered byte for byte
[17:54:44] pod sweep 29 passed / 0 skipped / 0 failed, no declared groups, binds C3 harness 5f0b64e6d384… and environment f99e0c8deb4e…, staging contract 0aa9acc6903f…, swept at b975ed5d with only ['logs/stages/stage-1/phase_c3/runs/attempt71/governance/authorization.json', 'logs/stages/stage-1/phase_c3/runs/attempt71/governance/readiness.json'] differs from the swept base
[17:54:46] the relay would accept all 9 probes (19.98 GiB), asked with fresh oids
[17:54:47] precheck OK: 8 relay inputs (8 from AlphaAvatar/aadistill-artifacts), 4 local assets
[17:54:48] attempt 1: create failed — {"error":"There are no longer any instances available with the requested specifications. Please refresh and try again."}
Usage:
  runpodctl pod create [flags]

Flags:
      --cloud-type string        
[17:54:48] ABORT: could not create a pod
