[07:32:50] budget: expected 1186 min $21.87 · soft $21.87 · hard $22.15 (authorized $22.15)
[07:32:50] NVIDIA L40S $1.09/h, stock Low
[07:32:50] session commit 8d0c9d126127 verified: harness digests to 67cf0115abe3…, carries the authorization and only logs/stages/stage-1/phase_c3/runs/attempt10/governance/authorization.json differs from the authorized base
[07:32:50] grant 381efd7eb84c… at logs/stages/stage-1/phase_c3/runs/attempt10/governance/grant.json, as recorded by the authorization
[07:32:51] C1 harness 67cf0115abe3… over 113 declared files
[07:32:51] ceiling $22.1452, derived from logs/stages/stage-1/phase_c3/plans/c3_live_pricing.json
[07:32:52] preregistration ac44662c02d5… (self-hash verified, 3 arms, primary causal-B1 - incumbent B), live closure 67cf0115abe3…
[07:32:52] seeds, both replay digests and the 950/850 battery a285d61f88de… are unchanged
[07:32:53] frozen assets verified against configs/experiments/phase_c3/frozen_assets.json
[07:32:53] 3 teacher shards bound at 768f209d9ea8…, none fetched
[07:32:53] battery staged from bytes identical to /home/ecs-user/aad-artifacts/autoinit/c1_confirmation_v1
[07:32:53] success spec covers the contract (9 probes x 7 sets = 63 generation files); failure spec presupposes no training
[07:32:55] stage1/qwen3_0p6b_init_v0/checkpoint/config.json (1418 bytes, a7131bb092b3…) stages to artifacts/stage1/qwen3_0p6b_init_v0/checkpoint with stored RoPE base 5,000,000
[07:32:59] aad_autoinit_8d0c9d12.bundle (18323779 bytes, c73577da1663…) round-trips to 8d0c9d126127… carrying this authorization and harness 67cf0115abe3…
[07:33:03] 7/7 groups PASS, 0 skipped, 190 frozen prompts re-rendered byte for byte
[07:33:03] pod sweep 19 passed / 0 skipped / 0 failed, no declared groups, binds C3 harness 67cf0115abe3… and environment d54e2ac39120…, staging contract 0aa9acc6903f…, swept at 380ce6c4 with only ['logs/stages/stage-1/phase_c3/runs/attempt10/governance/authorization.json', 'logs/stages/stage-1/phase_c3/runs/attempt10/governance/readiness.json'] differs from the swept base
[07:33:04] precheck OK: 8 relay inputs (8 from AlphaAvatar/aadistill-artifacts), 4 local assets
[07:33:05] watchdog detached — hard 1201 min = $22.15
[07:33:05] created m82qrw2rzfzaos at $1.09/h
[07:34:02]   starting (60s) — $0.02
[07:35:07]   starting (120s) — $0.04
[07:36:12]   starting (180s) — $0.06
[07:37:17]   starting (240s) — $0.08
[07:38:24]   starting (300s) — $0.10
[07:39:35]   starting (360s) — $0.12
[07:40:41]   starting (420s) — $0.14
[07:41:48]   starting (480s) — $0.16
[07:42:54]   starting (540s) — $0.18
[07:44:01]   starting (600s) — $0.20
[07:45:08]   starting (660s) — $0.22
[07:46:14]   starting (720s) — $0.24
[07:47:20]   starting (780s) — $0.26
[07:48:12] NO_ENDPOINT on draw 1 — abandoning m82qrw2rzfzaos and redrawing
[07:48:24] attempt 1: create failed — {"error":"There are no longer any instances available with the requested specifications. Please refresh and try again."}
Usage:
  runpodctl pod create [flags]

Flags:
      --cloud-type string        
[07:48:24] ABORT: could not create a pod
