[13:31:02] budget: expected 51 min $0.92 · soft $1.01 · hard $1.19 (authorized $1.20)
[13:31:03] NVIDIA L40S $1.09/h, stock Low
[13:31:03] session commit 0270782ffbf8 verified: harness digests to bb3aa38a8367…, carries the authorization and only logs/stages/stage-1/phase_c2_baseline_completion/runs/attempt8/governance/authorization.json differs from the authorized base
[13:31:03] completion closure bb3aa38a8367… over 92 derived files
[13:31:03] authorized for baseline completion of run 'attempt8': 2 draw(s) within the 2 permitted, 1 issuance(s), 1 launch attempt(s), one billing resource at a time, beam NOT authorized
[13:31:03] runtime bound: NVIDIA L40S, runpod/pytorch:1.1.0-cu1300-torch291-ubuntu2404, max price $1.0900/h <= $1.0900/h
[13:31:03] 5 frozen candidate measurement(s), record 55f667706739…, extracted from the ranking this session cites
[13:31:04] frozen-asset expectation configs/experiments/phase_c2/frozen_assets.json verifies
[13:31:04] ceiling $1.1950 matches the pricing record, whose own sha256 verified; plan 9f566eb6f8d7…
[13:31:04] volume 60 GiB >= 60 for a 32.0 GiB peak working set
[13:31:05] pod sweep 12 passed / 0 skipped / 0 failed, no declared groups, binds baseline-completion harness bb3aa38a8367… and environment 0fa730a88cff…, staging contract 5c51a83d002e…, swept at f8b3b5bf with only ['logs/stages/stage-1/phase_c2_baseline_completion/runs/attempt8/governance/authorization.json', 'logs/stages/stage-1/phase_c2_baseline_completion/runs/attempt8/governance/readiness.json'] differs from the swept base
[13:31:09] aad_autoinit_0270782f.bundle (13053293 bytes, 16bf79291db6…) round-trips to 0270782ffbf8… carrying this authorization and executable set bb3aa38a8367…
[13:31:09] precheck OK: 1 relay inputs (1 from AlphaAvatar/aadistill-artifacts), 2 local assets
[13:31:10] watchdog detached — hard 66 min = $1.19
[13:31:10] created 9s9pw0c8873y5g at $1.09/h
[13:32:04]   starting (60s) — $0.02
[13:32:59] TCP 22 at 202.181.159.230:14199 after 1.8 min
[13:33:01] draw 1: ssh reachable — $0.03
[13:33:24] draw 1: image identity runpod/pytorch:1.1.0-cu1300-torch291-ubuntu2404@580.126.09
[13:33:24] draw 1: running setup
[13:34:57] draw 1: setup complete — $0.07
[13:35:02] driver detached, pid 1631, confirmed by descriptor_probe — $0.07
[13:36:12]   2026-09-16T13:35:00Z MARKER:STAGE_PASSED:bind_identities — $0.09
[14:01:49]   2026-09-16T14:00:51Z MARKER:BASELINE_COMPLETION_ALL_DONE — $0.56
[14:01:49] polling ended: BASELINE_COMPLETION_ALL_DONE — $0.56
[14:03:02]   manifest rc=0
5 file(s) across 3 class(es) -> /workspace/manifest.json
  final_required: 5 · mutable_snapshot: 0 · final_streams_quiescent: True
[14:03:19] teardown gate: allowed=True failed=None
[14:03:19] deleting pod (gate passed)
[14:03:30] pod deleted — 32.3 min, $0.59; provider confirms gone: True
