[17:55:31] budget: expected 1186 min $21.54 · soft $21.54 · hard $21.81 (authorized $22.15)
[17:55:31] NVIDIA L40S $1.09/h, stock Low
[17:55:31] session commit 12989d689c50 verified: harness digests to 5f0b64e6d384…, carries the authorization and only logs/stages/stage-1/phase_c3/runs/attempt72/governance/authorization.json differs from the authorized base
[17:55:31] grant cebfd2049bf2… at logs/stages/stage-1/phase_c3/runs/attempt72/governance/grant.json, as recorded by the authorization
[17:55:32] C1 harness 5f0b64e6d384… over 115 declared files
[17:55:32] ceiling $22.1452, derived from logs/stages/stage-1/phase_c3/plans/c3_live_pricing.json
[17:55:33] preregistration ac44662c02d5… (self-hash verified, 3 arms, primary causal-B1 - incumbent B), live closure 5f0b64e6d384…
[17:55:33] seeds, both replay digests and the 950/850 battery a285d61f88de… are unchanged
[17:55:34] frozen assets verified against configs/experiments/phase_c3/frozen_assets.json
[17:55:34] 3 teacher shards bound at 768f209d9ea8…, none fetched
[17:55:34] battery staged from bytes identical to /home/ecs-user/aad-artifacts/autoinit/c1_confirmation_v1
[17:55:34] success spec covers the contract (9 probes x 7 sets = 63 generation files); failure spec presupposes no training
[17:55:36] stage1/qwen3_0p6b_init_v0/checkpoint/config.json (1418 bytes, a7131bb092b3…) stages to artifacts/stage1/qwen3_0p6b_init_v0/checkpoint with stored RoPE base 5,000,000
[17:55:41] aad_autoinit_12989d68.bundle (23012853 bytes, 56372de7cd57…) round-trips to 12989d689c50… carrying this authorization and harness 5f0b64e6d384…
[17:55:44] 7/7 groups PASS, 0 skipped, 190 frozen prompts re-rendered byte for byte
[17:55:45] pod sweep 29 passed / 0 skipped / 0 failed, no declared groups, binds C3 harness 5f0b64e6d384… and environment f99e0c8deb4e…, staging contract 0aa9acc6903f…, swept at 9a9de7b7 with only ['logs/stages/stage-1/phase_c3/runs/attempt72/governance/authorization.json', 'logs/stages/stage-1/phase_c3/runs/attempt72/governance/readiness.json'] differs from the swept base
[17:55:48] the relay would accept all 9 probes (19.98 GiB), asked with fresh oids
[17:55:49] precheck OK: 8 relay inputs (8 from AlphaAvatar/aadistill-artifacts), 4 local assets
[17:55:49] attempt 1: create failed — {"error":"There are no longer any instances available with the requested specifications. Please refresh and try again."}
Usage:
  runpodctl pod create [flags]

Flags:
      --cloud-type string        
[17:55:49] ABORT: could not create a pod
