[06:58:20] budget: expected 1186 min $21.87 · soft $21.87 · hard $22.15 (authorized $22.15)
[06:58:21] NVIDIA L40S $1.09/h, stock None
[06:58:21] session commit 2f41017e13c4 verified: harness digests to cecfc4868939…, carries the authorization and only logs/stages/stage-1/phase_c3/runs/attempt5/governance/authorization.json differs from the authorized base
[06:58:21] grant 381efd7eb84c… at logs/stages/stage-1/phase_c3/runs/attempt5/governance/grant.json, as recorded by the authorization
[06:58:21] C1 harness cecfc4868939… over 113 declared files
[06:58:21] ceiling $22.1452, derived from logs/stages/stage-1/phase_c3/plans/c3_live_pricing.json
[06:58:22] preregistration ac44662c02d5… (self-hash verified, 3 arms, primary causal-B1 - incumbent B), live closure cecfc4868939…
[06:58:22] seeds, both replay digests and the 950/850 battery a285d61f88de… are unchanged
[06:58:23] frozen assets verified against configs/experiments/phase_c3/frozen_assets.json
[06:58:23] 3 teacher shards bound at 768f209d9ea8…, none fetched
[06:58:23] battery staged from bytes identical to /home/ecs-user/aad-artifacts/autoinit/c1_confirmation_v1
[06:58:24] success spec covers the contract (9 probes x 7 sets = 63 generation files); failure spec presupposes no training
[06:58:26] stage1/qwen3_0p6b_init_v0/checkpoint/config.json (1418 bytes, a7131bb092b3…) stages to artifacts/stage1/qwen3_0p6b_init_v0/checkpoint with stored RoPE base 5,000,000
[06:58:35] aad_autoinit_2f41017e.bundle (18274315 bytes, 208bf66ebe43…) round-trips to 2f41017e13c4… carrying this authorization and harness cecfc4868939…
[06:58:38] 7/7 groups PASS, 0 skipped, 190 frozen prompts re-rendered byte for byte
[06:58:39] pod sweep 17 passed / 0 skipped / 0 failed, no declared groups, binds C3 harness cecfc4868939… and environment 44a2e8d71c73…, staging contract 0aa9acc6903f…, swept at 5f718c2f with only ['logs/stages/stage-1/phase_c3/runs/attempt5/governance/authorization.json', 'logs/stages/stage-1/phase_c3/runs/attempt5/governance/readiness.json'] differs from the swept base
[06:58:40] precheck OK: 8 relay inputs (8 from AlphaAvatar/aadistill-artifacts), 4 local assets
[06:58:40] attempt 1: create failed — {"error":"There are no longer any instances available with the requested specifications. Please refresh and try again."}
Usage:
  runpodctl pod create [flags]

Flags:
      --cloud-type string        
[06:58:40] ABORT: could not create a pod
