[17:40:17] budget: expected 40 min $0.66 · soft $0.73 · hard $0.89 (authorized $1.63)
[17:40:18] NVIDIA L40S $0.99/h, stock Low
[17:40:18] precheck OK: 10 relay inputs, 2 local assets
[17:40:21] created 1dxw5aw2d112jx at $0.99/h
[17:40:21] watchdog detached — hard 54 min = $0.89
[17:41:18]   starting (60s) — $0.02
[17:42:13] TCP 22 at 202.181.159.211:16578 after 1.9 min
[17:42:16] draw 1: ssh reachable — $0.03
[17:42:43] draw 1: image identity runpod/pytorch:1.1.0-cu1300-torch291-ubuntu2404@580.126.09
[17:42:43] draw 1: running setup
[17:49:11] draw 1: setup complete — $0.15
[17:49:16] driver detached, pid 6314, confirmed by descriptor_probe — $0.15
[17:50:26]   2026-08-19T17:49:15Z MARKER:MEASUREMENT_START — $0.17
[17:50:30] driver no longer running: EXITED:1
[17:50:30] polling ended: DRIVER_EXITED:1 — $0.17
[17:51:02]   manifest rc=5
3 file(s) across 1 class(es) -> /workspace/manifest.json
  final_required: 3 · mutable_snapshot: 0 · final_streams_quiescent: False
  MISSING measurement_report [final_required]: audit/autoinit_measurement/result.json (no file matched the pattern)
required artifacts are absent or unfinished; find them before teardown — this is the point in the session where that is still possible
[17:51:15] LAUNCHER ERROR: ArtifactError: an emergency teardown over a non-quiescent event stream must name the streams it is truncating; 'the final event stream is incomplete' has to be in the record, not inferred from it later
[17:51:15] deleting pod (launcher error)
[17:51:28] pod deleted — 11.1 min, $0.18; provider confirms gone: True

autoinit-measurement INCOMPLETE — /home/ecs-user/AlphaAvatar-distill/logs/autoinit_measurement_session.json. STOP for review. The measured values are inputs to a repricing and a separate budget decision; they authorize nothing.
