[19:41:32] budget: expected 119 min $1.97 · soft $2.17 · hard $2.50 (authorized $5.48)
[19:41:32] NVIDIA L40S $0.99/h, stock Low
[19:41:33] session commit 8362963ac7bb verified: harness digests to a5ce6311789e…, carries the authorization and only logs/autoinit_continuation_b_authorization.json differs from the authorized base
[19:41:33] frozen science plan 02be33b9a7a8… matches the authorization
[19:41:33] continuation executable a5ce6311789e… matches the grant
[19:41:33] no search call site on the continuation's own path; 1 known-neutralized elsewhere; runs_search False
[19:41:33] cited evidence matches the grant: universe e94f15d2e648…
[19:41:33] continuation ceiling $5.4784 covers the priced $5.4784 and is below the full-session $35.6660
[19:41:33] scope agrees: 1 priced, 1 booked, purchasable ['fe9683e6a9c7/rung3']
[19:41:33] /home/ecs-user/aad-scratch/sessions/autoinit-continuation-b: 9.36 GiB free for 1076 MiB of archive and working room
[19:41:34] precheck OK: 15 relay inputs (9 from AlphaAvatar/aadistill-artifacts, 6 from AlphaAvatar/aadistill-transport), 2 local assets
[19:41:35] created skoh6l6wmmwxce at $0.99/h
[19:41:35] watchdog detached — hard 151 min = $2.50
[19:42:18] TCP 22 at 82.221.170.242:37082 after 0.7 min
[19:42:21] draw 1: ssh reachable — $0.01
[19:43:39] draw 1: image identity runpod/pytorch:1.1.0-cu1300-torch291-ubuntu2404@580.159.03
[19:43:39] draw 1: running setup
[19:55:07] draw 1: setup complete — $0.22
[19:55:12] driver detached, pid 7791, confirmed by descriptor_probe — $0.22
[19:57:23]   2026-08-30T19:55:11Z MARKER:STAGE_START:0 — $0.26
[19:59:37]   2026-08-30T19:58:14Z MARKER:STAGE_START:4 — $0.30
[21:02:17]   2026-08-30T21:00:24Z MARKER:PROBE_TRAINED:autoinit.v1.phase_a.rung3.fe9683e6a9c7.sc — $1.33
[21:08:58]   2026-08-30T21:08:50Z MARKER:ALL_DONE — $1.44
[21:08:58] polling ended: ALL_DONE — $1.44
[21:14:32]   manifest rc=0
45 file(s) across 16 class(es) -> /workspace/manifest.json
  final_required: 45 · mutable_snapshot: 0 · final_streams_quiescent: True
[21:14:56] teardown gate: allowed=True failed=None
[21:14:56] deleting pod (gate passed)
[21:15:07] pod deleted — 93.5 min, $1.54; provider confirms gone: True

autoinit-continuation-b COMPLETE — /home/ecs-user/AlphaAvatar-distill/logs/autoinit_continuation_b_session.json. STOP for review. The behavioural continuation finished Phase B's rungs from completed evidence; nothing chains off it.
