[16:35:23] budget: expected 1186 min $21.54 · soft $21.54 · hard $21.81 (authorized $22.15)
[16:35:23] NVIDIA L40S $1.09/h, stock None
[16:35:23] session commit 623275da75af verified: harness digests to 6e885ab0fa3f…, carries the authorization and only logs/stages/stage-1/phase_c3/runs/attempt19/governance/authorization.json differs from the authorized base
[16:35:23] grant 381efd7eb84c… at logs/stages/stage-1/phase_c3/runs/attempt19/governance/grant.json, as recorded by the authorization
[16:35:24] C1 harness 6e885ab0fa3f… over 114 declared files
[16:35:24] ceiling $22.1452, derived from logs/stages/stage-1/phase_c3/plans/c3_live_pricing.json
[16:35:25] preregistration ac44662c02d5… (self-hash verified, 3 arms, primary causal-B1 - incumbent B), live closure 6e885ab0fa3f…
[16:35:25] seeds, both replay digests and the 950/850 battery a285d61f88de… are unchanged
[16:35:26] frozen assets verified against configs/experiments/phase_c3/frozen_assets.json
[16:35:26] 3 teacher shards bound at 768f209d9ea8…, none fetched
[16:35:26] battery staged from bytes identical to /home/ecs-user/aad-artifacts/autoinit/c1_confirmation_v1
[16:35:26] success spec covers the contract (9 probes x 7 sets = 63 generation files); failure spec presupposes no training
[16:35:28] stage1/qwen3_0p6b_init_v0/checkpoint/config.json (1418 bytes, a7131bb092b3…) stages to artifacts/stage1/qwen3_0p6b_init_v0/checkpoint with stored RoPE base 5,000,000
[16:35:33] aad_autoinit_623275da.bundle (18394206 bytes, 1514e8e56b0b…) round-trips to 623275da75af… carrying this authorization and harness 6e885ab0fa3f…
[16:35:37] 7/7 groups PASS, 0 skipped, 190 frozen prompts re-rendered byte for byte
[16:35:38] pod sweep 19 passed / 0 skipped / 0 failed, no declared groups, binds C3 harness 6e885ab0fa3f… and environment 96f52fa533ff…, staging contract 0aa9acc6903f…, swept at 84a7d123 with only ['logs/stages/stage-1/phase_c3/runs/attempt19/governance/authorization.json', 'logs/stages/stage-1/phase_c3/runs/attempt19/governance/readiness.json'] differs from the swept base
[16:35:38] precheck OK: 8 relay inputs (8 from AlphaAvatar/aadistill-artifacts), 4 local assets
[16:35:39] watchdog detached — hard 1201 min = $21.81
[16:35:39] created 9xglpzr0jafa4p at $1.09/h
[16:36:34]   starting (60s) — $0.02
[16:37:38]   starting (120s) — $0.04
[16:38:20] TCP 22 at 202.181.159.234:13368 after 2.7 min
[16:38:22] draw 1: ssh reachable — $0.05
[16:39:03] draw 1: image identity runpod/pytorch:1.1.0-cu1300-torch291-ubuntu2404@580.126.09
[16:39:03] draw 1: running setup
[16:41:54] draw 1: setup complete — $0.11
[16:41:59] driver detached, pid 2945, confirmed by descriptor_probe_exited — $0.11
[16:44:09]   2026-09-28T16:41:51Z MARKER:SETUP_DONE — $0.15
[16:44:12] driver no longer running: EXITED:1
[16:44:12] polling ended: DRIVER_EXITED:1 — $0.16
[16:44:24]   manifest rc=5
0 file(s) across 0 class(es) -> /workspace/manifest.json
  final_required: 0 · mutable_snapshot: 0 · final_streams_quiescent: False
  MISSING session_evidence [final_required]: audit/autoinit_c3/c3_evidence.json (no file matched the pattern)
required artifacts are absent or unfinished; find them before teardown — this is the point in the session where that is still possible
[16:44:49] teardown gate: allowed=True failed=training_complete
[16:44:49] deleting pod (gate passed after DRIVER_EXITED:1)
[16:45:00] pod deleted — 9.3 min, $0.17; provider confirms gone: True
