[16:54:05] budget: expected 1186 min $21.54 · soft $21.54 · hard $21.81 (authorized $22.15)
[16:54:06] NVIDIA L40S $1.09/h, stock Low
[16:54:06] session commit 917b57fdefc4 verified: harness digests to 466d8d1a875b…, carries the authorization and only logs/stages/stage-1/phase_c3/runs/attempt29/governance/authorization.json differs from the authorized base
[16:54:06] grant 381efd7eb84c… at logs/stages/stage-1/phase_c3/runs/attempt29/governance/grant.json, as recorded by the authorization
[16:54:06] C1 harness 466d8d1a875b… over 114 declared files
[16:54:06] ceiling $22.1452, derived from logs/stages/stage-1/phase_c3/plans/c3_live_pricing.json
[16:54:07] preregistration ac44662c02d5… (self-hash verified, 3 arms, primary causal-B1 - incumbent B), live closure 466d8d1a875b…
[16:54:07] seeds, both replay digests and the 950/850 battery a285d61f88de… are unchanged
[16:54:08] frozen assets verified against configs/experiments/phase_c3/frozen_assets.json
[16:54:08] 3 teacher shards bound at 768f209d9ea8…, none fetched
[16:54:08] battery staged from bytes identical to /home/ecs-user/aad-artifacts/autoinit/c1_confirmation_v1
[16:54:09] success spec covers the contract (9 probes x 7 sets = 63 generation files); failure spec presupposes no training
[16:54:11] stage1/qwen3_0p6b_init_v0/checkpoint/config.json (1418 bytes, a7131bb092b3…) stages to artifacts/stage1/qwen3_0p6b_init_v0/checkpoint with stored RoPE base 5,000,000
[16:54:15] aad_autoinit_917b57fd.bundle (18429719 bytes, fa591eba2b39…) round-trips to 917b57fdefc4… carrying this authorization and harness 466d8d1a875b…
[16:54:19] 7/7 groups PASS, 0 skipped, 190 frozen prompts re-rendered byte for byte
[16:54:19] pod sweep 21 passed / 0 skipped / 0 failed, no declared groups, binds C3 harness 466d8d1a875b… and environment 8e98f07e236e…, staging contract 0aa9acc6903f…, swept at 39379b22 with only ['logs/stages/stage-1/phase_c3/runs/attempt29/governance/authorization.json', 'logs/stages/stage-1/phase_c3/runs/attempt29/governance/readiness.json'] differs from the swept base
[16:54:20] precheck OK: 8 relay inputs (8 from AlphaAvatar/aadistill-artifacts), 4 local assets
[16:54:21] watchdog detached — hard 1201 min = $21.81
[16:54:21] created 8z0iasbo1u9xsj at $1.09/h
[16:55:17]   starting (60s) — $0.02
[16:56:22]   starting (120s) — $0.04
[16:57:27]   starting (180s) — $0.06
[16:58:32]   starting (240s) — $0.08
[16:58:42] TCP 22 at 160.250.71.215:20792 after 4.4 min
[16:58:45] draw 1: ssh reachable — $0.08
[16:59:24] draw 1: image identity runpod/pytorch:1.1.0-cu1300-torch291-ubuntu2404@580.178.04
[16:59:24] draw 1: running setup
[17:03:26] draw 1: setup complete — $0.17
[17:03:31] driver detached, pid 3316, confirmed by descriptor_probe_exited — $0.17
[17:05:40]   2026-09-28T17:03:24Z MARKER:SETUP_DONE — $0.21
[17:05:44] driver no longer running: EXITED:1
[17:05:44] polling ended: DRIVER_EXITED:1 — $0.21
[17:05:55]   manifest rc=5
0 file(s) across 0 class(es) -> /workspace/manifest.json
  final_required: 0 · mutable_snapshot: 0 · final_streams_quiescent: False
  MISSING session_evidence [final_required]: audit/autoinit_c3/c3_evidence.json (no file matched the pattern)
required artifacts are absent or unfinished; find them before teardown — this is the point in the session where that is still possible
[17:06:20] teardown gate: allowed=True failed=training_complete
[17:06:20] deleting pod (gate passed after DRIVER_EXITED:1)
[17:06:31] pod deleted — 12.2 min, $0.22; provider confirms gone: True
