[17:05:34] budget: expected 395 min $7.18 · soft $14.50 · hard $15.04 (authorized $15.04)
[17:05:35] NVIDIA L40S $1.09/h, stock Low
[17:05:35] session commit 3a0a3321385f verified: harness digests to 5a466062aa27…, carries the authorization and only logs/stages/stage-1/phase_c2/runs/attempt2/governance/authorization.json differs from the authorized base
[17:05:35] C2 executable closure 5a466062aa27… over 82 derived files
[17:05:35] authorized for run 'attempt2'; 3 draw(s) within the 3 permitted
[17:05:35] volume 200 GiB >= 200 for a 87.4 GiB peak working set
[17:05:35] grant cap $15.0446 matches the pricing record, whose own sha256 verified
[17:05:35] grant binds the live plan 1dc14abf45ec…
[17:05:36] pod sweep 23 passed / 0 skipped / 0 failed, no declared groups, binds C2 harness 5a466062aa27… and environment f81476554157…, staging contract 20eb78298b74…, swept at 7e02b22a with only ['logs/stages/stage-1/phase_c2/runs/attempt2/governance/authorization.json', 'logs/stages/stage-1/phase_c2/runs/attempt2/governance/readiness.json'] differs from the swept base
[17:05:39] aad_autoinit_3a0a3321.bundle (12753272 bytes, 200bdf7f29c3…) round-trips to 3a0a3321385f… carrying this authorization and executable set 5a466062aa27…
[17:05:40] precheck OK: 7 relay inputs (7 from AlphaAvatar/aadistill-artifacts), 2 local assets
[17:05:41] watchdog detached — hard 828 min = $15.04
[17:05:41] created o1omuvih3yb13k at $1.09/h
[17:05:53] TCP 22 at 160.250.71.212:48942 after 0.2 min
[17:05:55] draw 1: ssh reachable — $0.00
[17:06:17] draw 1: image identity runpod/pytorch:1.1.0-cu1300-torch291-ubuntu2404@595.91.07
[17:06:17] draw 1: running setup
[17:08:32] setup did not reach SETUP_DONE:
 + rich==15.0.0
 + safetensors==0.8.0
 + setuptools==81.0.0
 + shellingham==1.5.4
 + six==1.17.0
 + sympy==1.14.0
 + tokenizers==0.22.2
 + torch==2.11.0+cu128
 + tqdm==4.68.4
 + transformers==5.13.1
 + triton==3.6.0
 + typer==0.26.8
 + typing-extensions==4.16.0
 + urllib3==2.7.0
 + xxhash==3.8.1
 + yarl==1.24.2
Using Python 3.12.3 environment at: /opt/train
Resolved 1 package in 1ms
   Building aadistill @ file:///workspace/aad
      Built aadistill @ file:///workspace/aad
Prepared 1 package in 275ms
Installed 1 package in 1ms
 + aadistill==0.0.1 (from file:///workspace/aad)
[17:08:19] offline install completed in 9s
train torch 2.11.0+cu128 NVIDIA L40S | transformers 5.13.1
MARKER:TRAIN_ENV
[17:08:26] verifying the frozen assets against the preregistered constants
[17:08:27] FROZEN ASSET GATE FAILED -- output follows verbatim, because 'the 
[17:08:27] verifier could not run' and 'these are not the preregistered assets' are 
[17:08:27] different findings and must not be reported as the same one:
BLOCKER: the pod is not running the preregistered assets. Do not enter Stage 1; record evidence and tear down.
{
  "passed": false,
  "problems": [
    "recovery_search_v2: artifacts/stage3/recovery_search_v2 is absent",
    "scoring contract is recovery_search_scoring@v3 4102513cd6f705e2cd3b2da6f818862142019042177837e54b941cde4f52de04, expected recovery_search_scoring@v2 808080a7c5d88d5a66760fd0d7eeabc5451c096ad0819f8c5663a0b8224660be"
  ]
}
MARKER:FROZEN_ASSETS_FAILED
SETUP_RC=91

[17:08:32] ABORT after draw 1: setup_failed
[17:08:32] deleting pod (setup setup_failed)
[17:08:43] pod deleted — 3.0 min, $0.06; provider confirms gone: True
