[20:34:43] budget: expected 262 min $4.32 · soft $4.76 · hard $5.09 (authorized $8.07)
[20:34:44] NVIDIA L40S $0.99/h, stock Low
[20:34:44] session commit 839810840dde verified: harness digests to 746b9d689d05…, carries the authorization and only logs/autoinit_continuation_b_authorization.json differs from the authorized base
[20:34:44] frozen science plan 02be33b9a7a8… matches the authorization
[20:34:44] continuation executable 746b9d689d05… matches the grant
[20:34:44] no search call site on the continuation's own path; 1 known-neutralized elsewhere; runs_search False
[20:34:44] cited evidence matches the grant: universe e94f15d2e648…
[20:34:44] continuation ceiling $8.0691 covers the priced $8.0691 and is below the full-session $35.6660
[20:34:44] /home/ecs-user/aad-scratch/sessions/autoinit-continuation-b: 9.63 GiB free for 1076 MiB of archive and working room
[20:34:45] precheck OK: 15 relay inputs (9 from AlphaAvatar/aadistill-artifacts, 6 from AlphaAvatar/aadistill-transport), 2 local assets
[20:34:47] created ew2ykjczuex87i at $0.99/h
[20:34:47] watchdog detached — hard 308 min = $5.09
[20:35:40]   starting (60s) — $0.01
[20:36:44]   starting (120s) — $0.03
[20:37:49] TCP 22 at 91.199.227.82:31613 after 3.0 min
[20:37:53] draw 1: ssh reachable — $0.05
[20:38:18] draw 1: image identity runpod/pytorch:1.1.0-cu1300-torch291-ubuntu2404@580.159.04
[20:38:18] draw 1: running setup
[20:47:18] draw 1: setup complete — $0.21
[20:47:23] driver detached, pid 8428, confirmed by descriptor_probe — $0.21
[20:49:33]   2026-08-29T20:47:22Z MARKER:STAGE_START:0 — $0.24
[20:51:46]   2026-08-29T20:50:21Z MARKER:PHASE_A_FAILED — $0.28
[20:51:46] a blocking stage failed — collecting evidence, then tearing down. A stage-0 comparability failure is a TERMINATE: every cited observation would be lost at once and re-buying them is a larger session.
[20:51:46] polling ended: PHASE_A_FAILED — $0.28
[20:53:19]   manifest rc=0
9 file(s) across 4 class(es) -> /workspace/manifest.json
  final_required: 9 · mutable_snapshot: 0 · final_streams_quiescent: True
[20:53:40] teardown gate: allowed=True failed=training_complete
[20:53:40] deleting pod (gate passed after PHASE_A_FAILED)
[20:53:51] pod deleted — 19.1 min, $0.31; provider confirms gone: True

autoinit-continuation-b INCOMPLETE — /home/ecs-user/AlphaAvatar-distill/logs/autoinit_continuation_b_session.json. STOP for review. The behavioural continuation finished Phase B's rungs from completed evidence; nothing chains off it.
