[17:17:28] budget: expected 1186 min $21.54 · soft $21.54 · hard $21.81 (authorized $22.15)
[17:17:29] NVIDIA L40S $1.09/h, stock None
[17:17:29] session commit af7b9f58c050 verified: harness digests to cdabb3db2a9c…, carries the authorization and only logs/stages/stage-1/phase_c3/runs/attempt31/governance/authorization.json differs from the authorized base
[17:17:29] grant 381efd7eb84c… at logs/stages/stage-1/phase_c3/runs/attempt31/governance/grant.json, as recorded by the authorization
[17:17:29] C1 harness cdabb3db2a9c… over 114 declared files
[17:17:29] ceiling $22.1452, derived from logs/stages/stage-1/phase_c3/plans/c3_live_pricing.json
[17:17:30] preregistration ac44662c02d5… (self-hash verified, 3 arms, primary causal-B1 - incumbent B), live closure cdabb3db2a9c…
[17:17:30] seeds, both replay digests and the 950/850 battery a285d61f88de… are unchanged
[17:17:31] frozen assets verified against configs/experiments/phase_c3/frozen_assets.json
[17:17:31] 3 teacher shards bound at 768f209d9ea8…, none fetched
[17:17:31] battery staged from bytes identical to /home/ecs-user/aad-artifacts/autoinit/c1_confirmation_v1
[17:17:32] success spec covers the contract (9 probes x 7 sets = 63 generation files); failure spec presupposes no training
[17:17:33] stage1/qwen3_0p6b_init_v0/checkpoint/config.json (1418 bytes, a7131bb092b3…) stages to artifacts/stage1/qwen3_0p6b_init_v0/checkpoint with stored RoPE base 5,000,000
[17:17:38] aad_autoinit_af7b9f58.bundle (18454905 bytes, 1e83cba127de…) round-trips to af7b9f58c050… carrying this authorization and harness cdabb3db2a9c…
[17:17:41] 7/7 groups PASS, 0 skipped, 190 frozen prompts re-rendered byte for byte
[17:17:42] pod sweep 22 passed / 0 skipped / 0 failed, no declared groups, binds C3 harness cdabb3db2a9c… and environment a7f6e1ccf5fa…, staging contract 0aa9acc6903f…, swept at 197c2f3d with only ['logs/stages/stage-1/phase_c3/runs/attempt31/governance/authorization.json', 'logs/stages/stage-1/phase_c3/runs/attempt31/governance/readiness.json'] differs from the swept base
[17:17:43] precheck OK: 8 relay inputs (8 from AlphaAvatar/aadistill-artifacts), 4 local assets
[17:17:43] attempt 1: create failed — {"error":"There are no longer any instances available with the requested specifications. Please refresh and try again."}
Usage:
  runpodctl pod create [flags]

Flags:
      --cloud-type string        
[17:17:43] ABORT: could not create a pod
