[18:19:34] budget: expected 1186 min $21.54 · soft $21.54 · hard $21.81 (authorized $22.15)
[18:19:35] NVIDIA L40S $1.09/h, stock None
[18:19:35] session commit f4afe5c52f80 verified: harness digests to 487ec36c19ec…, carries the authorization and only logs/stages/stage-1/phase_c3/runs/attempt56/governance/authorization.json differs from the authorized base
[18:19:35] grant d79fa5d08090… at logs/stages/stage-1/phase_c3/runs/attempt56/governance/grant.json, as recorded by the authorization
[18:19:35] C1 harness 487ec36c19ec… over 114 declared files
[18:19:35] ceiling $22.1452, derived from logs/stages/stage-1/phase_c3/plans/c3_live_pricing.json
[18:19:36] preregistration ac44662c02d5… (self-hash verified, 3 arms, primary causal-B1 - incumbent B), live closure 487ec36c19ec…
[18:19:36] seeds, both replay digests and the 950/850 battery a285d61f88de… are unchanged
[18:19:37] frozen assets verified against configs/experiments/phase_c3/frozen_assets.json
[18:19:37] 3 teacher shards bound at 768f209d9ea8…, none fetched
[18:19:37] battery staged from bytes identical to /home/ecs-user/aad-artifacts/autoinit/c1_confirmation_v1
[18:19:38] success spec covers the contract (9 probes x 7 sets = 63 generation files); failure spec presupposes no training
[18:19:40] stage1/qwen3_0p6b_init_v0/checkpoint/config.json (1418 bytes, a7131bb092b3…) stages to artifacts/stage1/qwen3_0p6b_init_v0/checkpoint with stored RoPE base 5,000,000
[18:19:44] aad_autoinit_f4afe5c5.bundle (18703070 bytes, 2029a5838442…) round-trips to f4afe5c52f80… carrying this authorization and harness 487ec36c19ec…
[18:19:48] 7/7 groups PASS, 0 skipped, 190 frozen prompts re-rendered byte for byte
[18:19:48] pod sweep 25 passed / 0 skipped / 0 failed, no declared groups, binds C3 harness 487ec36c19ec… and environment 49e6082dc000…, staging contract 0aa9acc6903f…, swept at 70a4409f with only ['logs/stages/stage-1/phase_c3/runs/attempt56/governance/authorization.json', 'logs/stages/stage-1/phase_c3/runs/attempt56/governance/readiness.json'] differs from the swept base
[18:19:49] precheck OK: 8 relay inputs (8 from AlphaAvatar/aadistill-artifacts), 4 local assets
[18:19:50] attempt 1: create failed — {"error":"There are no longer any instances available with the requested specifications. Please refresh and try again."}
Usage:
  runpodctl pod create [flags]

Flags:
      --cloud-type string        
[18:19:50] ABORT: could not create a pod
