[12:09:21]   NVIDIA RTX A4000: securePrice $0.25/h, stock Low
[12:09:21]   NVIDIA RTX A4500: securePrice $0.25/h, stock Low
[12:09:22]   NVIDIA RTX 2000 Ada Generation: securePrice $0.24/h, stock Low
[12:09:22]   NVIDIA RTX A5000: securePrice $0.27/h, stock Low
[12:09:23]   NVIDIA RTX A6000: securePrice $0.53/h, stock Medium
[12:09:23]   NVIDIA GeForce RTX 4090: securePrice $0.74/h, stock High
[12:09:23] selected NVIDIA RTX 2000 Ada Generation at $0.24/h
[12:09:23] backstop 30.0 min = $0.120 (authorized $0.12); safety watchdog at 25.0 min
[12:09:24] created 3hvb5d4it6h6pb; --terminate-after 2026-08-09T12:39:23Z (redundant third layer, does not count toward PASS)
[12:09:24] watchdog[safety] detached (launch #1) — hard 25.0 min, runpodctl=real
[12:10:18]   starting (60s) — $0.00
[12:11:22]   starting (120s) — $0.01
[12:12:15] TCP 22 at 157.157.221.29:57058 after 2.9 min
[12:12:18] ssh reachable — $0.01
[12:12:51]   [PASS] detached_launch_returns_promptly: {'seconds': 5.46, 'pid': 297, 'start_channel_closed': True, 'confirmed_by': 'descriptor_probe'}
[12:12:57]   [PASS] durable_job_descriptor: {'descriptor': '{"job_id":"canary","pid":"297","workdir":"/workspace","log_path":"/workspace/canary_run.log","status_path":"/workspace/canary.status","started_utc":"2026-08-09T12:12:48Z"}', 'liveness': 'ALIVE'}
[12:13:14]   relay cycle 1: {'synced_bytes': {'/workspace/canary/train_log.jsonl': 567}, 'errors': {}}
[12:13:32]   relay cycle 2: {'synced_bytes': {'/workspace/canary/train_log.jsonl': 383}, 'errors': {}}
[12:13:50]   relay cycle 3: {'synced_bytes': {'/workspace/canary/train_log.jsonl': 384}, 'errors': {}}
[12:14:07]   relay cycle 4: {'synced_bytes': {'/workspace/canary/train_log.jsonl': 384}, 'errors': {}}
[12:14:10]   [PASS] structured_logs_relayed_while_process_active: {'events_synced': 27, 'job_liveness': 'ALIVE', 'first': {'time': '2026-08-09T12:12:48Z', 'event': 'canary_tick', 'step': 0}, 'last': {'time': '2026-08-09T12:14:06Z', 'event': 'canary_tick', 'step': 26}}
[12:14:10]   [PASS] watchdog_starts_and_polls_live_billing_pod: {'polls': 14, 'last': {'time': '2026-08-09T12:13:53Z', 'event': 'poll', 'at_epoch': 1786277633.24, 'elapsed_minutes': 4.48, 'accrued_usd': 0.0179, 'pod_exists': True, 'pod_billing': True, 'desired_status': 'RUNNING', 'poll_error': None, 'over_hard_limit': False, 'action': 'none'}}
[12:14:13]   [snapshot] manifest rc=0 ::   final_required: 1 · mutable_snapshot: 1 · final_streams_quiescent: True
[12:14:25]   [PASS] mutable_snapshot_semantics_without_hash_races: {'phase': 'snapshot', 'manifest_rc': 0, 'archive_rc': 0, 'verify_archive_rc': 0, 'pod_manifest_stdout': '2 file(s) across 2 class(es) -> /workspace/manifest_snapshot.json\n  final_required: 1 · mutable_snapshot: 1 · final_streams_quiescent: True', 'local_ok': True, 'manifest': {'ok': True, 'final_streams_quiescent': True, 'final_entries': 1, 'snapshot_entries': 1, 'appended_during_archive': [{'path': 'canary/train_log.jsonl', 'manifest_bytes': 1846, 'archived_bytes': 1910}], 'still_being_written': [], 'completion_marker_failures': [], 'entries': [{'path': 'canary/train_log.jsonl', 'lifecycle': 'mutable_snapshot', 'size_bytes': 1910, 'sha256': '42c765f783c27a14…'}, {'path': 'jobs/canary.job.json', 'lifecycle': 'final_required', 'size_bytes': 172, 'sha256': '3531906dc842142c…'}]}, 'gate': {'allowed': True, 'emergency': False, 'failed_check': None, 'reason': 'every teardown check passed', 'checks': {'training_complete': True, 'evaluation_complete': True, 'artifact_manifest_created': True, 'required_files_present': True, 'final_streams_quiescent': True, 'archive_created': True, 'archive_contents_verified': True, 'transfer_complete': True, 'local_hashes_verified': True, 'checkpoint_hashes_matched': True, 'report_inputs_verified': True}, 'incomplete_event_streams': ()}, 'local_problems': []}
[12:14:25] waiting for the job's terminal marker
[12:15:31]   terminal marker seen at 6.1 min
[12:15:45]   [final] manifest rc=0 ::   final_required: 2 · mutable_snapshot: 0 · final_streams_quiescent: True
[12:15:57]   [PASS] final_artifact_and_hash_verification_under_declared_semantics: {'phase': 'final', 'manifest_rc': 0, 'archive_rc': 0, 'verify_archive_rc': 0, 'pod_manifest_stdout': '2 file(s) across 2 class(es) -> /workspace/manifest_final.json\n  final_required: 2 · mutable_snapshot: 0 · final_streams_quiescent: True', 'local_ok': True, 'manifest': {'ok': True, 'final_streams_quiescent': True, 'final_entries': 2, 'snapshot_entries': 0, 'appended_during_archive': [], 'still_being_written': [], 'completion_marker_failures': [], 'entries': [{'path': 'canary/train_log.jsonl', 'lifecycle': 'final_required', 'size_bytes': 3190, 'sha256': 'f84b6ed98d583267…'}, {'path': 'jobs/canary.job.json', 'lifecycle': 'final_required', 'size_bytes': 172, 'sha256': '3531906dc842142c…'}]}, 'gate': {'allowed': True, 'emergency': False, 'failed_check': None, 'reason': 'every teardown check passed', 'checks': {'training_complete': True, 'evaluation_complete': True, 'artifact_manifest_created': True, 'required_files_present': True, 'final_streams_quiescent': True, 'archive_created': True, 'archive_contents_verified': True, 'transfer_complete': True, 'local_hashes_verified': True, 'checkpoint_hashes_matched': True, 'report_inputs_verified': True}, 'incomplete_event_streams': ()}, 'local_problems': []}
[12:15:57] launching the test watchdog: threshold 8.05 min (now 6.55), CLI path forced to fail
[12:15:57] watchdog[test] detached (launch #1) — hard 8.0 min, runpodctl=/nonexistent/runpodctl-canary-forced-failure
[12:17:47]   [PASS] broken_primary_runpodctl_fails_as_intended: {'attempts': [{'method': 'runpodctl remove pod', 'verified_transport': True, 'ok': False, 'returncode': None, 'response': '', 'error': "FileNotFoundError: [Errno 2] No such file or directory: '/nonexistent/runpodctl-canary-forced-failure'"}], 'path': '/nonexistent/runpodctl-canary-forced-failure', 'note': "no provider state altered; only this process's view of the CLI"}
[12:17:47]   [PASS] graphql_fallback_invoked_automatically: {'attempts': [{'method': 'graphql podTerminate', 'verified_transport': False, 'ok': True, 'returncode': None, 'response': '{"data": {"podTerminate": null}}', 'error': None}], 'test_watchdog_launches': 1, 'polls_below_limit': 5, 'hard_limit_reached': {'time': '2026-08-09T12:17:41Z', 'event': 'hard_limit_reached', 'elapsed_minutes': 8.27, 'accrued_usd': 0.0331, 'hard_terminate_minutes': 8.047316559155782, 'authorized_usd': 0.12}}
[12:17:47]   [PASS] provider_polling_verifies_disappearance: {'verify_polls': 1, 'first_gone': {'time': '2026-08-09T12:17:42Z', 'event': 'terminate_verify', 'round': 1, 'poll': 1, 'pod_exists': False, 'desired_status': 'TERMINATED', 'poll_error': None, 'billing': False}}
[12:17:47]   [PASS] journal_records_complete_termination_sequence: {'events': ['watchdog_start', 'poll', 'poll', 'poll', 'poll', 'poll', 'poll', 'hard_limit_reached', 'terminate_attempt', 'terminate_verify', 'terminated', 'watchdog_end'], 'journal': '/home/ecs-user/aad-scratch/canary2_20260809_120920/watchdog_test.jsonl', 'bytes': 2840}
[12:17:47]   [PASS] orchestration_completed_without_human_repair: {'watchdog_launches': {'safety': 1, 'test': 1}, 'phase_2_invoked': False, 'note': 'one launch command; no manual watchdog restart, ssh repair or substitution'}
[12:17:47]   [PASS] no_pod_remains_running: {'exists': False, 'desired_status': 'TERMINATED', 'billing': False, 'error': None}
