[17:36:08] budget: expected 1186 min $21.54 · soft $21.54 · hard $21.81 (authorized $22.15)
[17:36:08] NVIDIA L40S $1.09/h, stock Low
[17:36:08] session commit 45566d945366 verified: harness digests to 8f1a3418cae3…, carries the authorization and only logs/stages/stage-1/phase_c3/runs/attempt40/governance/authorization.json differs from the authorized base
[17:36:08] grant d79fa5d08090… at logs/stages/stage-1/phase_c3/runs/attempt40/governance/grant.json, as recorded by the authorization
[17:36:09] C1 harness 8f1a3418cae3… over 114 declared files
[17:36:09] ceiling $22.1452, derived from logs/stages/stage-1/phase_c3/plans/c3_live_pricing.json
[17:36:10] preregistration ac44662c02d5… (self-hash verified, 3 arms, primary causal-B1 - incumbent B), live closure 8f1a3418cae3…
[17:36:10] seeds, both replay digests and the 950/850 battery a285d61f88de… are unchanged
[17:36:11] frozen assets verified against configs/experiments/phase_c3/frozen_assets.json
[17:36:11] 3 teacher shards bound at 768f209d9ea8…, none fetched
[17:36:11] battery staged from bytes identical to /home/ecs-user/aad-artifacts/autoinit/c1_confirmation_v1
[17:36:12] success spec covers the contract (9 probes x 7 sets = 63 generation files); failure spec presupposes no training
[17:36:13] stage1/qwen3_0p6b_init_v0/checkpoint/config.json (1418 bytes, a7131bb092b3…) stages to artifacts/stage1/qwen3_0p6b_init_v0/checkpoint with stored RoPE base 5,000,000
[17:36:19] aad_autoinit_45566d94.bundle (18467948 bytes, 972a1bede864…) round-trips to 45566d945366… carrying this authorization and harness 8f1a3418cae3…
[17:36:22] 7/7 groups PASS, 0 skipped, 190 frozen prompts re-rendered byte for byte
[17:36:23] pod sweep 23 passed / 0 skipped / 0 failed, no declared groups, binds C3 harness 8f1a3418cae3… and environment 01e6c4a638aa…, staging contract 0aa9acc6903f…, swept at 948e6884 with only ['logs/stages/stage-1/phase_c3/runs/attempt40/governance/authorization.json', 'logs/stages/stage-1/phase_c3/runs/attempt40/governance/readiness.json'] differs from the swept base
[17:36:23] precheck OK: 8 relay inputs (8 from AlphaAvatar/aadistill-artifacts), 4 local assets
[17:36:24] watchdog detached — hard 1201 min = $21.81
[17:36:24] created x5micecq85t2t1 at $1.09/h
[17:37:18]   starting (60s) — $0.02
[17:38:12] TCP 22 at 202.181.159.239:16510 after 1.8 min
[17:38:15] draw 1: ssh reachable — $0.03
[17:38:55] draw 1: image identity runpod/pytorch:1.1.0-cu1300-torch291-ubuntu2404@580.126.09
[17:38:55] draw 1: running setup
[17:41:19] draw 1: setup complete — $0.09
[17:41:24] driver detached, pid 2836, confirmed by descriptor_probe — $0.09
[17:43:34]   2026-09-28T17:41:16Z MARKER:SETUP_DONE — $0.13
[17:43:37] driver no longer running: EXITED:40
[17:43:37] polling ended: DRIVER_EXITED:40 — $0.13
[17:44:50]   manifest rc=0
2 file(s) across 2 class(es) -> /workspace/manifest.json
  final_required: 2 · mutable_snapshot: 0 · final_streams_quiescent: True
[17:45:15] teardown gate: allowed=True failed=training_complete
[17:45:15] deleting pod (gate passed after DRIVER_EXITED:40)
[17:45:26] pod deleted — 9.0 min, $0.16; provider confirms gone: True
