[19:12:54] budget: expected 1186 min $16.20 · soft $16.20 · hard $16.41 (authorized $16.74)
[19:12:55] NVIDIA L40 $0.82/h, stock Low
[19:12:55] session commit 50ac77739b79 verified: harness digests to eed8a33295da…, carries the authorization and only logs/stages/stage-1/phase_c3/runs/attempt65/governance/authorization.json differs from the authorized base
[19:12:55] grant d79fa5d08090… at logs/stages/stage-1/phase_c3/runs/attempt65/governance/grant.json, as recorded by the authorization
[19:12:56] C1 harness eed8a33295da… over 114 declared files
[19:12:56] ceiling $16.7423, derived from logs/stages/stage-1/phase_c3/plans/c3_live_pricing.json
[19:12:56] preregistration ac44662c02d5… (self-hash verified, 3 arms, primary causal-B1 - incumbent B), live closure eed8a33295da…
[19:12:56] seeds, both replay digests and the 950/850 battery a285d61f88de… are unchanged
[19:12:57] frozen assets verified against configs/experiments/phase_c3/frozen_assets.json
[19:12:57] 3 teacher shards bound at 768f209d9ea8…, none fetched
[19:12:57] battery staged from bytes identical to /home/ecs-user/aad-artifacts/autoinit/c1_confirmation_v1
[19:12:58] success spec covers the contract (9 probes x 7 sets = 63 generation files); failure spec presupposes no training
[19:13:00] stage1/qwen3_0p6b_init_v0/checkpoint/config.json (1418 bytes, a7131bb092b3…) stages to artifacts/stage1/qwen3_0p6b_init_v0/checkpoint with stored RoPE base 5,000,000
[19:13:06] aad_autoinit_50ac7773.bundle (19479167 bytes, 2b337bf44fab…) round-trips to 50ac77739b79… carrying this authorization and harness eed8a33295da…
[19:13:09] 7/7 groups PASS, 0 skipped, 190 frozen prompts re-rendered byte for byte
[19:13:10] pod sweep 26 passed / 0 skipped / 0 failed, no declared groups, binds C3 harness eed8a33295da… and environment be3f40f77902…, staging contract 0aa9acc6903f…, swept at 95167a2a with only ['logs/stages/stage-1/phase_c3/runs/attempt65/governance/authorization.json', 'logs/stages/stage-1/phase_c3/runs/attempt65/governance/readiness.json'] differs from the swept base
[19:13:11] precheck OK: 8 relay inputs (8 from AlphaAvatar/aadistill-artifacts), 4 local assets
[19:13:12] watchdog detached — hard 1201 min = $16.41
[19:13:12] created mnc8vbra2d5kmo at $0.82/h
[19:14:05]   starting (60s) — $0.01
[19:15:08]   starting (120s) — $0.03
[19:15:18] TCP 22 at 64.247.206.120:42384 after 2.1 min
[19:15:21] draw 1: ssh reachable — $0.03
[19:16:05] draw 1: image identity runpod/pytorch:1.1.0-cu1300-torch291-ubuntu2404@595.91.07
[19:16:05] draw 1: running setup
[19:18:55] draw 1: setup complete — $0.08
[19:19:00] driver detached, pid 3364, confirmed by descriptor_probe — $0.08
[19:21:11]   2026-09-28T19:18:52Z MARKER:SETUP_DONE — $0.11
[19:52:32] driver no longer running: EXITED:30
[19:52:32] polling ended: DRIVER_EXITED:30 — $0.54
[19:54:06]   manifest rc=0
3 file(s) across 3 class(es) -> /workspace/manifest.json
  final_required: 3 · mutable_snapshot: 0 · final_streams_quiescent: True
[19:54:36] teardown gate: allowed=True failed=training_complete
[19:54:36] deleting pod (gate passed after DRIVER_EXITED:30)
[19:54:47] pod deleted — 41.6 min, $0.57; provider confirms gone: True
