stage 1: SearchDeadlineExceeded: search deadline exceeded after 544.7 min (budget 544.0 min) at before ffn.activation_importance_v0 on 85421eab09ee. The search stopped rather than continuing to the cost backstop.
2026-08-27T02:40:08Z

Traceback (most recent call last):
  File "/workspace/aad/scripts/pod/autoinit_phase_a_driver.py", line 1227, in run
    ok = stages[stage]()
         ^^^^^^^^^^^^^^^
  File "/workspace/aad/scripts/pod/autoinit_phase_a_driver.py", line 661, in stage1
    found = self.run_search(run_phase_a_search)
            ^^^^^^^^^^^^^^^^^^^^^^^^^^^^^^^^^^^
  File "/workspace/aad/scripts/pod/autoinit_phase_b_driver.py", line 308, in run_search
    found = run_phase_a_search(
            ^^^^^^^^^^^^^^^^^^^
  File "/workspace/aad/scripts/autoinit/phase_a_search.py", line 260, in run_phase_a_search
    result = search.run()
             ^^^^^^^^^^^^
  File "/workspace/aad/src/aadistill/autoinit/search.py", line 591, in run
    child = self._expand_one(parent, impl, profile)
            ^^^^^^^^^^^^^^^^^^^^^^^^^^^^^^^^^^^^^^^
  File "/workspace/aad/src/aadistill/autoinit/search.py", line 473, in _expand_one
    self.deadline.check(f"before {impl.impl_id} on {parent.spec.spec_hash[:12]}")
  File "/workspace/aad/src/aadistill/autoinit/search.py", line 119, in check
    raise SearchDeadlineExceeded(
aadistill.autoinit.search.SearchDeadlineExceeded: search deadline exceeded after 544.7 min (budget 544.0 min) at before ffn.activation_importance_v0 on 85421eab09ee. The search stopped rather than continuing to the cost backstop.
