[07:07:20] budget: expected 1186 min $21.87 · soft $21.87 · hard $22.15 (authorized $22.15)
[07:07:21] NVIDIA L40S $1.09/h, stock Low
[07:07:21] session commit e477fb021c72 verified: harness digests to cecfc4868939…, carries the authorization and only logs/stages/stage-1/phase_c3/runs/attempt7/governance/authorization.json differs from the authorized base
[07:07:21] grant 381efd7eb84c… at logs/stages/stage-1/phase_c3/runs/attempt7/governance/grant.json, as recorded by the authorization
[07:07:22] C1 harness cecfc4868939… over 113 declared files
[07:07:22] ceiling $22.1452, derived from logs/stages/stage-1/phase_c3/plans/c3_live_pricing.json
[07:07:22] preregistration ac44662c02d5… (self-hash verified, 3 arms, primary causal-B1 - incumbent B), live closure cecfc4868939…
[07:07:22] seeds, both replay digests and the 950/850 battery a285d61f88de… are unchanged
[07:07:23] frozen assets verified against configs/experiments/phase_c3/frozen_assets.json
[07:07:23] 3 teacher shards bound at 768f209d9ea8…, none fetched
[07:07:23] battery staged from bytes identical to /home/ecs-user/aad-artifacts/autoinit/c1_confirmation_v1
[07:07:24] success spec covers the contract (9 probes x 7 sets = 63 generation files); failure spec presupposes no training
[07:07:26] stage1/qwen3_0p6b_init_v0/checkpoint/config.json (1418 bytes, a7131bb092b3…) stages to artifacts/stage1/qwen3_0p6b_init_v0/checkpoint with stored RoPE base 5,000,000
[07:07:31] aad_autoinit_e477fb02.bundle (18310213 bytes, e47abb1713fd…) round-trips to e477fb021c72… carrying this authorization and harness cecfc4868939…
[07:07:35] 7/7 groups PASS, 0 skipped, 190 frozen prompts re-rendered byte for byte
[07:07:35] pod sweep 17 passed / 0 skipped / 0 failed, no declared groups, binds C3 harness cecfc4868939… and environment 44a2e8d71c73…, staging contract 0aa9acc6903f…, swept at 5ab9f5eb with only ['logs/stages/stage-1/phase_c3/runs/attempt7/governance/authorization.json', 'logs/stages/stage-1/phase_c3/runs/attempt7/governance/readiness.json'] differs from the swept base
[07:07:36] precheck OK: 8 relay inputs (8 from AlphaAvatar/aadistill-artifacts), 4 local assets
[07:07:37] watchdog detached — hard 1201 min = $22.15
[07:07:37] created 3r1vgzkoa3855r at $1.09/h
[07:08:31]   starting (60s) — $0.02
[07:09:13] TCP 22 at 202.181.159.230:17898 after 1.6 min
[07:09:16] draw 1: ssh reachable — $0.03
[07:09:55] draw 1: image identity runpod/pytorch:1.1.0-cu1300-torch291-ubuntu2404@580.126.09
[07:09:55] draw 1: running setup
[07:12:31] draw 1: setup complete — $0.09
[07:12:36] driver detached, pid 3133, confirmed by descriptor_probe_exited — $0.09
[07:14:46]   2026-09-28T07:12:28Z MARKER:SETUP_DONE — $0.13
[07:14:49] driver no longer running: EXITED:1
[07:14:49] polling ended: DRIVER_EXITED:1 — $0.13
[07:15:02]   manifest rc=5
0 file(s) across 0 class(es) -> /workspace/manifest.json
  final_required: 0 · mutable_snapshot: 0 · final_streams_quiescent: False
  MISSING session_evidence [final_required]: audit/autoinit_c3/c1_evidence.json (no file matched the pattern)
required artifacts are absent or unfinished; find them before teardown — this is the point in the session where that is still possible
[07:15:27] teardown gate: allowed=True failed=training_complete
[07:15:27] deleting pod (gate passed after DRIVER_EXITED:1)
[07:15:38] pod deleted — 8.0 min, $0.15; provider confirms gone: True
