[18:01:19] budget: expected 1186 min $21.54 · soft $21.54 · hard $21.81 (authorized $22.15)
[18:01:19] NVIDIA L40S $1.09/h, stock None
[18:01:20] session commit 2b2c2cc45377 verified: harness digests to 268dd4981230…, carries the authorization and only logs/stages/stage-1/phase_c3/runs/attempt48/governance/authorization.json differs from the authorized base
[18:01:20] grant d79fa5d08090… at logs/stages/stage-1/phase_c3/runs/attempt48/governance/grant.json, as recorded by the authorization
[18:01:20] C1 harness 268dd4981230… over 114 declared files
[18:01:20] ceiling $22.1452, derived from logs/stages/stage-1/phase_c3/plans/c3_live_pricing.json
[18:01:21] preregistration ac44662c02d5… (self-hash verified, 3 arms, primary causal-B1 - incumbent B), live closure 268dd4981230…
[18:01:21] seeds, both replay digests and the 950/850 battery a285d61f88de… are unchanged
[18:01:22] frozen assets verified against configs/experiments/phase_c3/frozen_assets.json
[18:01:22] 3 teacher shards bound at 768f209d9ea8…, none fetched
[18:01:22] battery staged from bytes identical to /home/ecs-user/aad-artifacts/autoinit/c1_confirmation_v1
[18:01:23] success spec covers the contract (9 probes x 7 sets = 63 generation files); failure spec presupposes no training
[18:01:25] stage1/qwen3_0p6b_init_v0/checkpoint/config.json (1418 bytes, a7131bb092b3…) stages to artifacts/stage1/qwen3_0p6b_init_v0/checkpoint with stored RoPE base 5,000,000
[18:01:29] aad_autoinit_2b2c2cc4.bundle (18598214 bytes, 3cb8fb2eb16b…) round-trips to 2b2c2cc45377… carrying this authorization and harness 268dd4981230…
[18:01:32] 7/7 groups PASS, 0 skipped, 190 frozen prompts re-rendered byte for byte
[18:01:33] pod sweep 24 passed / 0 skipped / 0 failed, no declared groups, binds C3 harness 268dd4981230… and environment 5e8c27c3e2ca…, staging contract 0aa9acc6903f…, swept at 9ef23dac with only ['logs/stages/stage-1/phase_c3/runs/attempt48/governance/authorization.json', 'logs/stages/stage-1/phase_c3/runs/attempt48/governance/readiness.json'] differs from the swept base
[18:01:34] precheck OK: 8 relay inputs (8 from AlphaAvatar/aadistill-artifacts), 4 local assets
[18:01:35] attempt 1: create failed — {"error":"There are no longer any instances available with the requested specifications. Please refresh and try again."}
Usage:
  runpodctl pod create [flags]

Flags:
      --cloud-type string        
[18:01:35] ABORT: could not create a pod
