001023"
}

Loading weights:   0%|          | 0/398 [00:00<?, ?it/s]
Loading weights: 100%|██████████| 398/398 [00:00<00:00, 7139.45it/s]

Loading weights:   0%|          | 0/310 [00:00<?, ?it/s]
Loading weights:  32%|███▏      | 98/310 [00:00<00:00, 802.96it/s]
Loading weights:  62%|██████▏   | 191/310 [00:00<00:00, 870.30it/s]
Loading weights:  90%|█████████ | 279/310 [00:00<00:00, 851.90it/s]
Loading weights: 100%|██████████| 310/310 [00:00<00:00, 913.19it/s]
/opt/train/lib/python3.12/site-packages/torch/autograd/graph.py:869: UserWarning: Flash Attention defaults to a non-deterministic algorithm. To explicitly enable determinism call torch.use_deterministic_algorithms(True, warn_only=False). (Triggered internally at /pytorch/aten/src/ATen/native/transformers/cuda/attention_backward.cu:124.)
  return Variable._execution_engine.run_backward(  # Calls into the C++ engine to run the backward pass

Writing model shards:   0%|          | 0/1 [00:00<?, ?it/s]
Writing model shards: 100%|██████████| 1/1 [00:01<00:00,  1.98s/it]
Writing model shards: 100%|██████████| 1/1 [00:01<00:00,  1.98s/it]

Writing model shards:   0%|          | 0/1 [00:00<?, ?it/s]
Writing model shards: 100%|██████████| 1/1 [00:01<00:00,  1.84s/it]
Writing model shards: 100%|██████████| 1/1 [00:01<00:00,  1.84s/it]

Writing model shards:   0%|          | 0/1 [00:00<?, ?it/s]
Writing model shards: 100%|██████████| 1/1 [00:01<00:00,  1.60s/it]
Writing model shards: 100%|██████████| 1/1 [00:01<00:00,  1.60s/it]
