01023"
}

Loading weights:   0%|          | 0/398 [00:00<?, ?it/s]
Loading weights: 100%|██████████| 398/398 [00:00<00:00, 6780.61it/s]

Loading weights:   0%|          | 0/310 [00:00<?, ?it/s]
Loading weights:  39%|███▉      | 121/310 [00:00<00:00, 772.74it/s]
Loading weights:  69%|██████▊   | 213/310 [00:00<00:00, 839.60it/s]
Loading weights:  96%|█████████▋| 299/310 [00:00<00:00, 845.37it/s]
Loading weights: 100%|██████████| 310/310 [00:00<00:00, 855.89it/s]
/opt/train/lib/python3.12/site-packages/torch/autograd/graph.py:869: UserWarning: Flash Attention defaults to a non-deterministic algorithm. To explicitly enable determinism call torch.use_deterministic_algorithms(True, warn_only=False). (Triggered internally at /pytorch/aten/src/ATen/native/transformers/cuda/attention_backward.cu:124.)
  return Variable._execution_engine.run_backward(  # Calls into the C++ engine to run the backward pass

Writing model shards:   0%|          | 0/1 [00:00<?, ?it/s]
Writing model shards: 100%|██████████| 1/1 [00:02<00:00,  2.38s/it]
Writing model shards: 100%|██████████| 1/1 [00:02<00:00,  2.38s/it]

Writing model shards:   0%|          | 0/1 [00:00<?, ?it/s]
Writing model shards: 100%|██████████| 1/1 [00:01<00:00,  1.82s/it]
Writing model shards: 100%|██████████| 1/1 [00:01<00:00,  1.82s/it]

Writing model shards:   0%|          | 0/1 [00:00<?, ?it/s]
Writing model shards: 100%|██████████| 1/1 [00:01<00:00,  1.81s/it]
Writing model shards: 100%|██████████| 1/1 [00:01<00:00,  1.81s/it]
