2026-08-20T19:19:45Z elapsed=0min approx=$0.0000 launcher=1 free=21G pods=[NONE] status=[]
2026-08-20T19:29:47Z elapsed=10min approx=$0.1650 launcher=1 free=21G pods=[o7hj2r3z2w8xat:RUNNING] status=[]
2026-08-20T19:39:48Z elapsed=20min approx=$0.3300 launcher=1 free=21G pods=[o7hj2r3z2w8xat:RUNNING] status=[2026-08-20T19:31:41Z MARKER:STAGE_START:1]
2026-08-20T19:49:49Z elapsed=30min approx=$0.4950 launcher=1 free=21G pods=[o7hj2r3z2w8xat:RUNNING] status=[2026-08-20T19:31:41Z MARKER:STAGE_START:1]
2026-08-20T19:59:50Z elapsed=40min approx=$0.6600 launcher=1 free=21G pods=[o7hj2r3z2w8xat:RUNNING] status=[2026-08-20T19:31:41Z MARKER:STAGE_START:1]
2026-08-20T20:09:52Z elapsed=50min approx=$0.8250 launcher=1 free=21G pods=[o7hj2r3z2w8xat:RUNNING] status=[2026-08-20T19:31:41Z MARKER:STAGE_START:1]
2026-08-20T20:19:53Z elapsed=60min approx=$0.9900 launcher=1 free=21G pods=[o7hj2r3z2w8xat:RUNNING] status=[2026-08-20T19:31:41Z MARKER:STAGE_START:1]
2026-08-20T20:29:54Z elapsed=70min approx=$1.1550 launcher=1 free=21G pods=[o7hj2r3z2w8xat:RUNNING] status=[2026-08-20T19:31:41Z MARKER:STAGE_START:1]
2026-08-20T20:39:55Z elapsed=80min approx=$1.3200 launcher=1 free=21G pods=[o7hj2r3z2w8xat:RUNNING] status=[2026-08-20T19:31:41Z MARKER:STAGE_START:1]
2026-08-20T20:49:57Z elapsed=90min approx=$1.4850 launcher=1 free=21G pods=[o7hj2r3z2w8xat:RUNNING] status=[2026-08-20T19:31:41Z MARKER:STAGE_START:1]
2026-08-20T20:59:58Z elapsed=100min approx=$1.6500 launcher=1 free=21G pods=[o7hj2r3z2w8xat:RUNNING] status=[2026-08-20T19:31:41Z MARKER:STAGE_START:1]
2026-08-20T21:09:59Z elapsed=110min approx=$1.8150 launcher=1 free=21G pods=[o7hj2r3z2w8xat:RUNNING] status=[2026-08-20T19:31:41Z MARKER:STAGE_START:1]
2026-08-20T21:20:00Z elapsed=120min approx=$1.9800 launcher=1 free=21G pods=[o7hj2r3z2w8xat:RUNNING] status=[2026-08-20T19:31:41Z MARKER:STAGE_START:1]
2026-08-20T21:30:02Z elapsed=130min approx=$2.1450 launcher=1 free=21G pods=[o7hj2r3z2w8xat:RUNNING] status=[2026-08-20T19:31:41Z MARKER:STAGE_START:1]
2026-08-20T21:40:03Z elapsed=140min approx=$2.3100 launcher=1 free=21G pods=[o7hj2r3z2w8xat:RUNNING] status=[2026-08-20T19:31:41Z MARKER:STAGE_START:1]
2026-08-20T21:50:04Z elapsed=150min approx=$2.4750 launcher=1 free=21G pods=[o7hj2r3z2w8xat:RUNNING] status=[2026-08-20T19:31:41Z MARKER:STAGE_START:1]
2026-08-20T22:00:06Z elapsed=160min approx=$2.6400 launcher=1 free=21G pods=[o7hj2r3z2w8xat:RUNNING] status=[2026-08-20T19:31:41Z MARKER:STAGE_START:1]
2026-08-20T22:10:07Z elapsed=170min approx=$2.8050 launcher=1 free=21G pods=[o7hj2r3z2w8xat:RUNNING] status=[2026-08-20T19:31:41Z MARKER:STAGE_START:1]
2026-08-20T22:20:08Z elapsed=180min approx=$2.9700 launcher=1 free=21G pods=[o7hj2r3z2w8xat:RUNNING] status=[2026-08-20T19:31:41Z MARKER:STAGE_START:1]
2026-08-20T22:30:09Z elapsed=190min approx=$3.1350 launcher=1 free=21G pods=[o7hj2r3z2w8xat:RUNNING] status=[2026-08-20T19:31:41Z MARKER:STAGE_START:1]
2026-08-20T22:40:10Z elapsed=200min approx=$3.3000 launcher=1 free=21G pods=[o7hj2r3z2w8xat:RUNNING] status=[2026-08-20T19:31:41Z MARKER:STAGE_START:1]
2026-08-20T22:50:12Z elapsed=210min approx=$3.4650 launcher=1 free=21G pods=[o7hj2r3z2w8xat:RUNNING] status=[2026-08-20T19:31:41Z MARKER:STAGE_START:1]
2026-08-20T23:00:13Z elapsed=220min approx=$3.6300 launcher=1 free=20G pods=[o7hj2r3z2w8xat:RUNNING] status=[2026-08-20T22:55:42Z MARKER:PHASE_A_FAILED]
2026-08-20T23:10:14Z elapsed=230min approx=$3.7950 launcher=0 free=15G pods=[NONE] status=[2026-08-20T22:55:42Z MARKER:PHASE_A_FAILED]
