[17:22:36] budget: expected 1186 min $21.54 · soft $21.54 · hard $21.81 (authorized $22.15)
[17:22:36] NVIDIA L40S $1.09/h, stock Low
[17:22:36] session commit 8581059812f7 verified: harness digests to cdabb3db2a9c…, carries the authorization and only logs/stages/stage-1/phase_c3/runs/attempt34/governance/authorization.json differs from the authorized base
[17:22:36] grant 381efd7eb84c… at logs/stages/stage-1/phase_c3/runs/attempt34/governance/grant.json, as recorded by the authorization
[17:22:37] C1 harness cdabb3db2a9c… over 114 declared files
[17:22:37] ceiling $22.1452, derived from logs/stages/stage-1/phase_c3/plans/c3_live_pricing.json
[17:22:38] preregistration ac44662c02d5… (self-hash verified, 3 arms, primary causal-B1 - incumbent B), live closure cdabb3db2a9c…
[17:22:38] seeds, both replay digests and the 950/850 battery a285d61f88de… are unchanged
[17:22:39] frozen assets verified against configs/experiments/phase_c3/frozen_assets.json
[17:22:39] 3 teacher shards bound at 768f209d9ea8…, none fetched
[17:22:39] battery staged from bytes identical to /home/ecs-user/aad-artifacts/autoinit/c1_confirmation_v1
[17:22:39] success spec covers the contract (9 probes x 7 sets = 63 generation files); failure spec presupposes no training
[17:22:41] stage1/qwen3_0p6b_init_v0/checkpoint/config.json (1418 bytes, a7131bb092b3…) stages to artifacts/stage1/qwen3_0p6b_init_v0/checkpoint with stored RoPE base 5,000,000
[17:22:45] aad_autoinit_85810598.bundle (18447007 bytes, 8bcb67e0e22d…) round-trips to 8581059812f7… carrying this authorization and harness cdabb3db2a9c…
[17:22:49] 7/7 groups PASS, 0 skipped, 190 frozen prompts re-rendered byte for byte
[17:22:50] pod sweep 22 passed / 0 skipped / 0 failed, no declared groups, binds C3 harness cdabb3db2a9c… and environment a7f6e1ccf5fa…, staging contract 0aa9acc6903f…, swept at 882c3965 with only ['logs/stages/stage-1/phase_c3/runs/attempt34/governance/authorization.json', 'logs/stages/stage-1/phase_c3/runs/attempt34/governance/readiness.json'] differs from the swept base
[17:22:50] precheck OK: 8 relay inputs (8 from AlphaAvatar/aadistill-artifacts), 4 local assets
[17:22:51] watchdog detached — hard 1201 min = $21.81
[17:22:51] created ika31gdnbcxdnf at $1.09/h
[17:23:44]   starting (60s) — $0.02
[17:24:47]   starting (120s) — $0.04
[17:25:40] TCP 22 at 195.26.232.152:37662 after 2.8 min
[17:25:43] draw 1: ssh reachable — $0.05
[17:26:28] draw 1: image identity runpod/pytorch:1.1.0-cu1300-torch291-ubuntu2404@595.91.07
[17:26:28] draw 1: running setup
[17:29:14] draw 1: setup complete — $0.12
[17:29:21] driver detached, pid 2890, confirmed by descriptor_probe_exited — $0.12
[17:31:32]   2026-09-28T17:29:11Z MARKER:SETUP_DONE — $0.16
[17:31:36] driver no longer running: EXITED:1
[17:31:36] polling ended: DRIVER_EXITED:1 — $0.16
[17:31:50]   manifest rc=5
0 file(s) across 0 class(es) -> /workspace/manifest.json
  final_required: 0 · mutable_snapshot: 0 · final_streams_quiescent: False
  MISSING session_evidence [final_required]: audit/autoinit_c3/c3_evidence.json (no file matched the pattern)
required artifacts are absent or unfinished; find them before teardown — this is the point in the session where that is still possible
[17:32:20] teardown gate: allowed=True failed=training_complete
[17:32:20] deleting pod (gate passed after DRIVER_EXITED:1)
[17:32:31] pod deleted — 9.7 min, $0.18; provider confirms gone: True
