[18:17:23] budget: expected 1186 min $16.20 · soft $16.20 · hard $16.41 (authorized $16.74)
[18:17:24] NVIDIA L40 $0.82/h, stock Low
[18:17:24] session commit f3597146cfaa verified: harness digests to 487ec36c19ec…, carries the authorization and only logs/stages/stage-1/phase_c3/runs/attempt55/governance/authorization.json differs from the authorized base
[18:17:24] grant d79fa5d08090… at logs/stages/stage-1/phase_c3/runs/attempt55/governance/grant.json, as recorded by the authorization
[18:17:24] C1 harness 487ec36c19ec… over 114 declared files
[18:17:24] ceiling $16.7423, derived from logs/stages/stage-1/phase_c3/plans/c3_live_pricing.json
[18:17:25] preregistration ac44662c02d5… (self-hash verified, 3 arms, primary causal-B1 - incumbent B), live closure 487ec36c19ec…
[18:17:25] seeds, both replay digests and the 950/850 battery a285d61f88de… are unchanged
[18:17:26] frozen assets verified against configs/experiments/phase_c3/frozen_assets.json
[18:17:26] 3 teacher shards bound at 768f209d9ea8…, none fetched
[18:17:26] battery staged from bytes identical to /home/ecs-user/aad-artifacts/autoinit/c1_confirmation_v1
[18:17:27] success spec covers the contract (9 probes x 7 sets = 63 generation files); failure spec presupposes no training
[18:17:29] stage1/qwen3_0p6b_init_v0/checkpoint/config.json (1418 bytes, a7131bb092b3…) stages to artifacts/stage1/qwen3_0p6b_init_v0/checkpoint with stored RoPE base 5,000,000
[18:17:33] aad_autoinit_f3597146.bundle (18572061 bytes, c9942c609c6a…) round-trips to f3597146cfaa… carrying this authorization and harness 487ec36c19ec…
[18:17:36] 7/7 groups PASS, 0 skipped, 190 frozen prompts re-rendered byte for byte
[18:17:37] pod sweep 25 passed / 0 skipped / 0 failed, no declared groups, binds C3 harness 487ec36c19ec… and environment 49e6082dc000…, staging contract 0aa9acc6903f…, swept at d7508ff8 with only ['logs/stages/stage-1/phase_c3/runs/attempt55/governance/authorization.json', 'logs/stages/stage-1/phase_c3/runs/attempt55/governance/readiness.json'] differs from the swept base
[18:17:38] precheck OK: 8 relay inputs (8 from AlphaAvatar/aadistill-artifacts), 4 local assets
[18:17:38] attempt 1: create failed — {"error":"There are no longer any instances available with the requested specifications. Please refresh and try again."}
Usage:
  runpodctl pod create [flags]

Flags:
      --cloud-type string        
[18:17:38] ABORT: could not create a pod
