volume: not attached — no remaining operation reads a pre-staged checkpoint — 10 completed probe(s) contribute 8.06 MiB of evidence and 22.213 GiB of checkpoints have no consumer — so no volume is attached and the draw is not pinned to one datacenter

[11:40:45] budget: expected 339 min $6.16 · soft $7.75 · hard $8.29 (authorized $19.34)
[11:40:46] NVIDIA L40S $1.09/h, stock Low
[11:40:46] session commit 20cb45f5e874 verified: harness digests to 51369c03da81…, carries the authorization and only logs/stages/stage-1/phase_c2_behavioural/runs/attempt10/governance/authorization.json differs from the authorized base
[11:40:46] scope OK: behavioural selection with recovery training, and nothing else reachable
[11:40:46] plan binding OK (31088b981499…)
[11:40:47] source binding OK (136 files, 51369c03da81…)
[11:40:47] destination OK: 19.5 GiB free at /home/ecs-user/aad-artifacts/phase_c2_behavioural/c2-behavioural-12probe-v1 for the 2 probe(s) owed, 4.4 GiB (of 26.7 GiB for the whole protocol; the rest is already there)
[11:40:47] container OK: 120 GB (111.8 GiB) provisioned for a 74.3 GiB peak local residency, 37.5 GiB spare
[11:40:47] volume OK: no probe needs its weights on the pod — 10 completed probe(s) contribute 8.06 MiB of evidence and their 22.213 GiB of checkpoints have no remaining consumer
[11:40:47] campaign continuation OK: $22.3612 all-in settled ($22.0243 GPU + $0.3369 disk) across 9 prior attempt(s) plus $8.4201 for the remaining 2 probes is inside the $42.0000 campaign ceiling, and every prior resource is provider-confirmed released
[11:40:48] readiness OK (launch_bound, PASS, {'error': 0, 'failed': 0, 'passed': 209, 'skipped': 28})
[11:40:52] bundle OK (20cb45f5e874…)
[11:40:53] precheck OK: 8 relay inputs (8 from AlphaAvatar/aadistill-artifacts), 6 local assets
[11:40:54] attempt 1: create failed — {"error":"There are no longer any instances available."}
Usage:
  runpodctl pod create [flags]

Flags:
      --cloud-type string          cloud type (SECURE or COMMUNITY) (default "SECURE")
      --co
[11:45:55] watchdog detached — hard 457 min = $8.29
[11:45:55] created fn825nav4mykic at $1.09/h
[11:46:18] TCP 22 at 202.181.159.232:13441 after 0.4 min
[11:46:20] draw 1: ssh reachable — $0.01
[11:47:23] draw 1: image identity runpod/pytorch:1.1.0-cu1300-torch291-ubuntu2404@580.126.09
[11:47:23] draw 1: running setup
[11:50:38] draw 1: setup complete — $0.09
[11:50:38] transfer preflight: 10 objects required, 0.008 GiB required; 10 checkpoint(s) skipped, 22.21 GiB avoided
[11:50:38]   confirmation.1a2b5b030e7e4e202fda3a810ed53c5f.   completed+validly scored             EVIDENCE ONLY -- weights not transferred
[11:50:38]   confirmation.1a2b5b030e7e4e202fda3a810ed53c5f.   completed+validly scored             EVIDENCE ONLY -- weights not transferred
[11:50:38]   confirmation.B.s1916380711                       completed+validly scored             EVIDENCE ONLY -- weights not transferred
[11:50:38]   confirmation.B.s1936324010                       completed+validly scored             EVIDENCE ONLY -- weights not transferred
[11:50:38]   screening.1a2b5b030e7e4e202fda3a810ed53c5f.s61   completed+validly scored             EVIDENCE ONLY -- weights not transferred
[11:50:38]   screening.1d2844488f3ad630414c3cd69b6fa395.s61   completed+validly scored             EVIDENCE ONLY -- weights not transferred
[11:50:38]   screening.7da1e4e2254e59766581e777b8066b7e.s61   completed+validly scored             EVIDENCE ONLY -- weights not transferred
[11:50:38]   screening.88086555a6662b206e00ae28fc9d3ca3.s61   completed+validly scored             EVIDENCE ONLY -- weights not transferred
[11:50:38]   screening.B.s616738081                           completed+validly scored             EVIDENCE ONLY -- weights not transferred
[11:50:38]   screening.d005dfb27e7bb5adc46eb988ae79e2a9.s61   completed+validly scored             EVIDENCE ONLY -- weights not transferred
[11:50:41] ABORT: the continuation manifest did not reach the pod: b"Warning: Permanently added '[202.181.159.232]:13441' (ECDSA) to the list of known hosts.\r\nscp: /workspace/aad/artifacts/autoinit/c2_behavioural/campaign_continuation.json: No such file or directory\n"
[11:50:41] deleting pod (inputs did not materialize)
[11:50:52] pod deleted — 5.0 min, $0.09; provider confirms gone: True

autoinit-phase-c2-behavioural INCOMPLETE — /home/ecs-user/AlphaAvatar-distill/logs/stages/stage-1/phase_c2_behavioural/runs/attempt10/runtime/session.json. the behavioural selection is a TERMINUS: it names a C2 incumbent or it does not, and NO_GO and INCONCLUSIVE are complete results. C3 is separately authorized and unreachable from here.
LAUNCH_EXIT=11
