[08:30:54] budget: expected 1186 min $21.54 · soft $21.54 · hard $21.81 (authorized $22.15)
[08:30:55] NVIDIA L40S $1.09/h, stock Low
[08:30:55] session commit 919b82727b9c verified: harness digests to eed8a33295da…, carries the authorization and only logs/stages/stage-1/phase_c3/runs/attempt69/governance/authorization.json differs from the authorized base
[08:30:55] grant d79fa5d08090… at logs/stages/stage-1/phase_c3/runs/attempt69/governance/grant.json, as recorded by the authorization
[08:30:55] C1 harness eed8a33295da… over 114 declared files
[08:30:55] ceiling $22.1452, derived from logs/stages/stage-1/phase_c3/plans/c3_live_pricing.json
[08:30:56] preregistration ac44662c02d5… (self-hash verified, 3 arms, primary causal-B1 - incumbent B), live closure eed8a33295da…
[08:30:56] seeds, both replay digests and the 950/850 battery a285d61f88de… are unchanged
[08:30:57] frozen assets verified against configs/experiments/phase_c3/frozen_assets.json
[08:30:57] 3 teacher shards bound at 768f209d9ea8…, none fetched
[08:30:57] battery staged from bytes identical to /home/ecs-user/aad-artifacts/autoinit/c1_confirmation_v1
[08:30:58] success spec covers the contract (9 probes x 7 sets = 63 generation files); failure spec presupposes no training
[08:31:00] stage1/qwen3_0p6b_init_v0/checkpoint/config.json (1418 bytes, a7131bb092b3…) stages to artifacts/stage1/qwen3_0p6b_init_v0/checkpoint with stored RoPE base 5,000,000
[08:31:04] aad_autoinit_919b8272.bundle (19609314 bytes, 416923fdc7d7…) round-trips to 919b82727b9c… carrying this authorization and harness eed8a33295da…
[08:31:07] 7/7 groups PASS, 0 skipped, 190 frozen prompts re-rendered byte for byte
[08:31:08] pod sweep 26 passed / 0 skipped / 0 failed, no declared groups, binds C3 harness eed8a33295da… and environment be3f40f77902…, staging contract 0aa9acc6903f…, swept at 0a1f29ba with only ['logs/stages/stage-1/phase_c3/runs/attempt69/governance/authorization.json', 'logs/stages/stage-1/phase_c3/runs/attempt69/governance/readiness.json'] differs from the swept base
[08:31:09] precheck OK: 8 relay inputs (8 from AlphaAvatar/aadistill-artifacts), 4 local assets
[08:31:09] attempt 1: create failed — {"error":"There are no longer any instances available with the requested specifications. Please refresh and try again."}
Usage:
  runpodctl pod create [flags]

Flags:
      --cloud-type string        
[08:31:09] ABORT: could not create a pod
